Archive member included to satisfy reference by file (symbol)

./ALT1250/freertos.a(FreeRTOS-openocd.o)
                              (uxTopUsedPriority)
./ALT1250/alt125x_device.a(startup_ALT125x.o)
                              (Reset_Handler)
./ALT1250/alt125x_device.a(system_ALT125x.o)
                              ./ALT1250/alt125x_device.a(startup_ALT125x.o) (SystemInit)
./ALT1250/alt125x_driver.a(DRV_PM.o)
                              ./ALT1250/alt125x_device.a(startup_ALT125x.o) (DRV_PM_EarlyBootProbe)
./ALT1250/alt125x_driver.a(DRV_GPIO_WAKEUP.o)
                              ./ALT1250/alt125x_driver.a(DRV_PM.o) (DRV_GPIO_WAKEUP_GetSetup)
./ALT1250/alt125x_driver.a(DRV_IF_CFG.o)
                              ./ALT1250/alt125x_driver.a(DRV_PM.o) (DRV_IF_CFG_GetDefConfig)
./ALT1250/alt125x_driver.a(DRV_IOSEL.o)
                              ./ALT1250/alt125x_driver.a(DRV_PM.o) (DRV_IOSEL_PreSleepProcess)
./ALT1250/alt125x_driver.a(DRV_CLOCK_GATING.o)
                              ./ALT1250/alt125x_driver.a(DRV_PM.o) (DRV_CLKGATING_Initialize)
./ALT1250/alt125x_driver.a(DRV_PMP_AGENT.o)
                              ./ALT1250/alt125x_driver.a(DRV_PM.o) (DRV_PMP_AGENT_GetWakeInfo)
./ALT1250/alt125x_driver.a(DRV_SLEEP.o)
                              ./ALT1250/alt125x_driver.a(DRV_PM.o) (DRV_SLEEP_Initialize)
./ALT1250/alt125x_driver.a(DRV_IO.o)
                              ./ALT1250/alt125x_driver.a(DRV_IF_CFG.o) (DRV_IO_SetPull)
./ALT1250/alt125x_driver.a(DRV_ATOMIC_COUNTER.o)
                              ./ALT1250/alt125x_driver.a(DRV_PMP_AGENT.o) (DRV_ATOM_CNTR_Increment)
./ALT1250/applib.a(applib.o)  ./ALT1250/alt125x_device.a(startup_ALT125x.o) (_start)
./ALT1250/applib.a(fault_handler.o)
                              ./ALT1250/applib.a(applib.o) (portASSERT)
./ALT1250/applib.a(reset.o)   ./ALT1250/applib.a(fault_handler.o) (machine_reset)
./ALT1250/applib.a(backtrace.o)
                              ./ALT1250/applib.a(fault_handler.o) (dump_backtrace)
./ALT1250/PROGRAM.a(main.o)   ./ALT1250/applib.a(applib.o) (main)
./ALT1250/PROGRAM.a(Cloud_Demo.o)
                              ./ALT1250/PROGRAM.a(main.o) (Init__Cloud)
./ALT1250/PROGRAM.a(Sensor_App.o)
                              ./ALT1250/PROGRAM.a(main.o) (Init__Sensor)
./ALT1250/PROGRAM.a(Sensor_Data.o)
                              ./ALT1250/PROGRAM.a(Cloud_Demo.o) (Convert_Sensor_Data_to_JSON)
./ALT1250/printf.a(printf.o)  ./ALT1250/alt125x_driver.a(DRV_IO.o) (printf_)
./ALT1250/osal.a(freertos_osal.o)
                              ./ALT1250/applib.a(reset.o) (alt_osal_enter_critical)
./ALT1250/PWRMANAGER.a(hibernate.o)
                              ./ALT1250/alt125x_driver.a(DRV_PM.o) (hibernate_to_flash)
./ALT1250/PWRMANAGER.a(pwr_mngr.o)
                              ./ALT1250/alt125x_driver.a(DRV_PM.o) (pwr_mngr_init)
./ALT1250/PWRMANAGER.a(sleep_mngr.o)
                              ./ALT1250/alt125x_driver.a(DRV_PM.o) (smngr_init)
./ALT1250/PWRMANAGER.a(sleep_notify.o)
                              ./ALT1250/alt125x_driver.a(DRV_PM.o) (sleep_notify_init)
./ALT1250/PWRMANAGER.a(fastlz.o)
                              ./ALT1250/PWRMANAGER.a(hibernate.o) (fastlz_decompress_internal)
./ALT1250/utils.a(cJSON.o)    ./ALT1250/PROGRAM.a(Sensor_Data.o) (cJSON_Delete)
./ALT1250/utils.a(cString.o)  ./ALT1250/PROGRAM.a(Cloud_Demo.o) (Replace_DoubleQuotes_With_SingleQuotes)
./ALT1250/hal.a(platform.o)   ./ALT1250/PROGRAM.a(Sensor_App.o) (WE_isSensorInterfaceReady)
./ALT1250/hal.a(hal_i2c.o)    ./ALT1250/PROGRAM.a(Sensor_App.o) (HAL_I2C__Initialize)
./ALT1250/hal.a(hal_uart.o)   ./ALT1250/hal.a(platform.o) (HAL_UART_RXPin0_TXPin1_Transmit)
./ALT1250/hal.a(hal_helper.o)
                              ./ALT1250/hal.a(platform.o) (HAL_Delay)
./ALT1250/libraries.a(ATDevice.o)
                              ./ALT1250/PROGRAM.a(Cloud_Demo.o) (ATDevice_RequestIMEI)
./ALT1250/libraries.a(ATEvent.o)
                              ./ALT1250/PROGRAM.a(Cloud_Demo.o) (ATEvent_ParseEventType)
./ALT1250/libraries.a(ATMQTT.o)
                              ./ALT1250/PROGRAM.a(Cloud_Demo.o) (ATMQTT_ConfigureNodes)
./ALT1250/libraries.a(ATPacketDomain.o)
                              ./ALT1250/PROGRAM.a(Cloud_Demo.o) (ATPacketDomain_SetNetworkRegistrationResultCode)
./ALT1250/libraries.a(ATProprietary.o)
                              ./ALT1250/PROGRAM.a(Cloud_Demo.o) (ATProprietary_SetNetworkAttachmentState)
./ALT1250/libraries.a(ATSIM.o)
                              ./ALT1250/PROGRAM.a(Cloud_Demo.o) (ATSIM_ReadPinStatus)
./ALT1250/libraries.a(Adrastea.o)
                              ./ALT1250/libraries.a(ATDevice.o) (Adrastea_SendRequest)
./ALT1250/libraries.a(ATCommands.o)
                              ./ALT1250/libraries.a(ATDevice.o) (ATCommand_AppendArgumentString)
./ALT1250/connectivity.a(aws_adrastea.o)
                              ./ALT1250/PROGRAM.a(Cloud_Demo.o) (Read_AWS_Cloud_Settings_From_Flash)
./ALT1250/connectivity.a(azure_adrastea.o)
[...]
Memory Configuration

Name             Origin             Length             Attributes
UNCACHED         0x0000000008e00200 0x0000000000000400 xr
FLASH            0x0000000018e00600 0x00000000000fea00 xr
GPM_RAM          0x000000000c0e0000 0x0000000000010000 xrw
RESERVED         0x000000000c0f0000 0x0000000000010000 xrw
MBOX4_MEM        0x000000000d02fa00 0x0000000000000080 rw
MBOX5_MEM        0x000000000d02fa80 0x0000000000000080 rw
MBOX11_MEM       0x000000000d02fd80 0x0000000000000080 r
RAM              0x0000000000020000 0x0000000000020000 xrw
*default*        0x0000000000000000 0xffffffffffffffff

Linker script and memory map

START GROUP
LOAD ./ALT1250/PROGRAM.a
LOAD ./ALT1250/printf.a
LOAD ./ALT1250/osal.a
LOAD ./ALT1250/hifc.a
LOAD ./ALT1250/serial.a
LOAD ./ALT1250/miniconsole.a
LOAD ./ALT1250/PWRMANAGER.a
LOAD ./ALT1250/utils.a
LOAD ./ALT1250/hal.a
LOAD ./ALT1250/libraries.a
LOAD ./ALT1250/connectivity.a
LOAD ./ALT1250/Sensor.a
LOAD ./ALT1250/cmsis_core.a
LOAD ./ALT1250/freertos.a
LOAD ./ALT1250/cmsis_rtos.a
LOAD ./ALT1250/alt125x_device.a
LOAD ./ALT1250/alt125x_driver.a
LOAD ./ALT1250/applib.a
END GROUP
START GROUP
LOAD /opt/gcc-arm-none-eabi-7-2018-q2-update/bin/../lib/gcc/arm-none-eabi/7.3.1/thumb/v7e-m/libgcc.a
LOAD /opt/gcc-arm-none-eabi-7-2018-q2-update/bin/../lib/gcc/arm-none-eabi/7.3.1/../../../../arm-none-eabi/lib/thumb/v7e-m/libg_nano.a
LOAD /opt/gcc-arm-none-eabi-7-2018-q2-update/bin/../lib/gcc/arm-none-eabi/7.3.1/../../../../arm-none-eabi/lib/thumb/v7e-m/libc_nano.a
END GROUP
START GROUP
LOAD /opt/gcc-arm-none-eabi-7-2018-q2-update/bin/../lib/gcc/arm-none-eabi/7.3.1/thumb/v7e-m/libgcc.a
LOAD /opt/gcc-arm-none-eabi-7-2018-q2-update/bin/../lib/gcc/arm-none-eabi/7.3.1/../../../../arm-none-eabi/lib/thumb/v7e-m/libc_nano.a
LOAD /opt/gcc-arm-none-eabi-7-2018-q2-update/bin/../lib/gcc/arm-none-eabi/7.3.1/../../../../arm-none-eabi/lib/thumb/v7e-m/libnosys.a
END GROUP
START GROUP
LOAD /opt/gcc-arm-none-eabi-7-2018-q2-update/bin/../lib/gcc/arm-none-eabi/7.3.1/thumb/v7e-m/libgcc.a
LOAD /opt/gcc-arm-none-eabi-7-2018-q2-update/bin/../lib/gcc/arm-none-eabi/7.3.1/../../../../arm-none-eabi/lib/thumb/v7e-m/libc_nano.a
LOAD /opt/gcc-arm-none-eabi-7-2018-q2-update/bin/../lib/gcc/arm-none-eabi/7.3.1/../../../../arm-none-eabi/lib/thumb/v7e-m/libnosys.a
END GROUP
                0x0000000000002800                __REGION_SIZE__ = 0x2800
                0x0000000008efa000                __MCU_CLOUD_SETTINGS_REGION_START_ADDRESS__ = 0x8efa000
                0x0000000008efb000                __MCU_DEVICE_CERTIFICATE_REGION_START_ADDRESS__ = 0x8efb000
                0x0000000008efc000                __MCU_PRIVATE_KEY_REGION_START_ADDRESS__ = 0x8efc000
                0x0000000008efd000                __MCU_ROOT_CERT_REGION_START_ADDRESS__ = 0x8efd000
                0x0000000000e00000                __MCU_MTD_PARTITION_OFFSET__ = 0xe00000
                0x00000000000ff000                __MCU_MTD_PARTITION_SIZE__ = 0xff000
                0x000000000c0e0000                __GPM_RAM_BASE__ = 0xc0e0000
                0x0000000000020000                __GPM_RAM_SIZE__ = 0x20000
                0x0000000000000400                __STACK_SIZE = 0x400
                0x0000000008000000                __MCU_MTD_PARTITION_BASE__ = 0x8000000
                0x0000000000000200                __HEADER_SIZE__ = 0x200
                0x0000000000000400                __UNCACHED_SIZE__ = 0x400
                0x0000000008e00200                __UNCACHED_ORIGIN__ = ((__MCU_MTD_PARTITION_BASE__ + __MCU_MTD_PARTITION_OFFSET__) + __HEADER_SIZE__)
                0x0000000018e00600                __FLASH_ORIGIN__ = ((__UNCACHED_ORIGIN__ + __UNCACHED_SIZE__) + 0x10000000)
                0x0000000000010000                __RESERVED_GPM_RAM_SIZE__ = DEFINED (__RESERVED_GPM_RAM_SIZE__)?__RESERVED_GPM_RAM_SIZE__:(__GPM_RAM_SIZE__ / 0x2)
                0x0000000000000080                __MBOX_MEM_LENGTH__ = 0x80

.uncached       0x0000000008e00200      0x328
                0x0000000008e00200                __uncached_start__ = .
 *(.vectors)
 .vectors       0x0000000008e00200      0x180 ./ALT1250/alt125x_device.a(startup_ALT125x.o)
                0x0000000008e00200                __Vectors
                0x0000000008e00380                __end__ = .
 *(.uncached*)
 .uncached      0x0000000008e00380      0x16c ./ALT1250/alt125x_device.a(startup_ALT125x.o)
                0x0000000008e00380                Reset_Handler
 *fill*         0x0000000008e004ec        0x4 
 .uncached.__stub
                0x0000000008e004f0       0x38 linker stubs
                0x0000000008e00528                __uncached_end__ = .
                0x0000000000000001                ASSERT ((LENGTH (UNCACHED) >= (__uncached_end__ - __uncached_start__)), UNCACHED memory overflowed)

.text           0x0000000018e00600    0x18f0f load address 0x0000000008e00600
 *(.text*)
 .text.Default_Handler
                0x0000000018e00600        0x2 ./ALT1250/alt125x_device.a(startup_ALT125x.o)
                0x0000000018e00600                DebugMon_Handler
                0x0000000018e00600                auxdac3_handler
                0x0000000018e00600                gdma_channel_2_handler
                0x0000000018e00600                spim0_interrupt_handler
                0x0000000018e00600                auxdac6_handler
                0x0000000018e00600                NMI_Handler
                0x0000000018e00600                UART1_IRQHandler
                0x0000000018e00600                auxdac0_handler
                0x0000000018e00600                auxdac4_handler
                0x0000000018e00600                GP_Timer_1_IRQHandler
                0x0000000018e00600                FLEXRAY_IRQHandler
                0x0000000018e00600                UART0_IRQHandler
                0x0000000018e00600                UsageFault_Handler
                0x0000000018e00600                MCIB_IRQHandler
                0x0000000018e00600                auxdac7_handler
                0x0000000018e00600                AACI_IRQHandler
                0x0000000018e00600                UARTI_IRQHandler
                0x0000000018e00600                gdma_channel_0_handler
                0x0000000018e00600                MCU_WD0_IRQHandler
                0x0000000018e00600                CAN_IRQHandler
                0x0000000018e00600                spis0_interrupt_handler
                0x0000000018e00600                CHLCD_IRQHandler
                0x0000000018e00600                auxdac5_handler
                0x0000000018e00600                USBDC_IRQHandler
                0x0000000018e00600                gdma_channel_1_handler
                0x0000000018e00600                USBHC_IRQHandler
                0x0000000018e00600                CC_PWM1_IRQHandler
                0x0000000018e00600                RTC_IRQHandler
                0x0000000018e00600                auxdac2_handler
                0x0000000018e00600                UART2_IRQHandler
                0x0000000018e00600                UART4_IRQHandler
                0x0000000018e00600                gdma_channel_6_handler
                0x0000000018e00600                GP_Timer_0_IRQHandler
                0x0000000018e00600                CLCD_IRQHandler
                0x0000000018e00600                spim1_interrupt_handler
                0x0000000018e00600                UARTF_ERR_IRQHandler
                0x0000000018e00600                gdma_channel_5_handler
                0x0000000018e00600                TIM0_IRQHandler
                0x0000000018e00600                gdma_channel_3_handler
                0x0000000018e00600                gdma_channel_4_handler
                0x0000000018e00600                MemManage_Handler
                0x0000000018e00600                WDT_IRQHandler
                0x0000000018e00600                TIM2_IRQHandler
                0x0000000018e00600                LIN_IRQHandler
                0x0000000018e00600                auxdac1_handler
                0x0000000018e00600                gdma_channel_7_handler
                0x0000000018e00600                CPU_CLCD_IRQHandler
                0x0000000018e00600                BusFault_Handler
                0x0000000018e00600                UART3_IRQHandler
                0x0000000018e00600                CC_PWM0_IRQHandler
                0x0000000018e00600                MCIA_IRQHandler
                0x0000000018e00600                ENET_IRQHandler
 *fill*         0x0000000018e00602        0x2 
 .text.SystemInit
                0x0000000018e00604       0x64 ./ALT1250/alt125x_device.a(system_ALT125x.o)
                0x0000000018e00604                SystemInit
 *fill*         0x0000000018e00668        0x8 
 .text.enter_standby_lower
                0x0000000018e00670       0x64 ./ALT1250/alt125x_driver.a(DRV_PM.o)
 .text.update_wakeup_info
                0x0000000018e006d4       0x24 ./ALT1250/alt125x_driver.a(DRV_PM.o)
 .text.gpm_boot_probe
                0x0000000018e006f8       0x38 ./ALT1250/alt125x_driver.a(DRV_PM.o)
 .text.update_wakeup_cause
                0x0000000018e00730       0x34 ./ALT1250/alt125x_driver.a(DRV_PM.o)
 .text.mark_stateful_sleep
                0x0000000018e00764       0x24 ./ALT1250/alt125x_driver.a(DRV_PM.o)
 .text.send_sleep_request
                0x0000000018e00788       0x50 ./ALT1250/alt125x_driver.a(DRV_PM.o)
                0x0000000018e00788                send_sleep_request
 .text.drv_pm_mcu_io_latch
                0x0000000018e007d8       0x20 ./ALT1250/alt125x_driver.a(DRV_PM.o)
                0x0000000018e007d8                drv_pm_mcu_io_latch
 .text.DRV_PM_ClearStatistics
                0x0000000018e007f8        0xc ./ALT1250/alt125x_driver.a(DRV_PM.o)
                0x0000000018e007f8                DRV_PM_ClearStatistics
 .text.DRV_PM_GetStatistics
                0x0000000018e00804       0x24 ./ALT1250/alt125x_driver.a(DRV_PM.o)
                0x0000000018e00804                DRV_PM_GetStatistics
 .text.DRV_PM_EnterStopMode
                0x0000000018e00828       0x44 ./ALT1250/alt125x_driver.a(DRV_PM.o)
                0x0000000018e00828                DRV_PM_EnterStopMode
 .text.DRV_PM_EnterStandbyMode
                0x0000000018e0086c       0x30 ./ALT1250/alt125x_driver.a(DRV_PM.o)
                0x0000000018e0086c                DRV_PM_EnterStandbyMode
 .text.DRV_PM_EnterShutdownMode
                0x0000000018e0089c       0x20 ./ALT1250/alt125x_driver.a(DRV_PM.o)
                0x0000000018e0089c                DRV_PM_EnterShutdownMode
 .text.DRV_PM_EnableWakeUpPin
                0x0000000018e008bc       0x64 ./ALT1250/alt125x_driver.a(DRV_PM.o)
                0x0000000018e008bc                DRV_PM_EnableWakeUpPin
 .text.DRV_PM_WAKEUP_IO_Initialize
                0x0000000018e00920       0x30 ./ALT1250/alt125x_driver.a(DRV_PM.o)
 .text.DRV_PM_Initialize
                0x0000000018e00950       0x6c ./ALT1250/alt125x_driver.a(DRV_PM.o)
                0x0000000018e00950                DRV_PM_Initialize
 .text.DRV_PM_PreSleepProcess
                0x0000000018e009bc       0x42 ./ALT1250/alt125x_driver.a(DRV_PM.o)
                0x0000000018e009bc                DRV_PM_PreSleepProcess
 .text.DRV_PM_PostSleepProcess
                0x0000000018e009fe       0x3c ./ALT1250/alt125x_driver.a(DRV_PM.o)
                0x0000000018e009fe                DRV_PM_PostSleepProcess
 *fill*         0x0000000018e00a3a        0x2 
 .text.DRV_PM_MaskInterrupts
                0x0000000018e00a3c       0xc0 ./ALT1250/alt125x_driver.a(DRV_PM.o)
                0x0000000018e00a3c                DRV_PM_MaskInterrupts
 .text.DRV_PM_RestoreInterrupts
                0x0000000018e00afc       0x7c ./ALT1250/alt125x_driver.a(DRV_PM.o)
                0x0000000018e00afc                DRV_PM_RestoreInterrupts
 .text.DRV_PM_HandleClockGating
                0x0000000018e00b78       0x28 ./ALT1250/alt125x_driver.a(DRV_PM.o)
                0x0000000018e00b78                DRV_PM_HandleClockGating
 .text.DRV_PM_EarlyBootProbe
                0x0000000018e00ba0       0x2c ./ALT1250/alt125x_driver.a(DRV_PM.o)
                0x0000000018e00ba0                DRV_PM_EarlyBootProbe
 .text.DRV_PM_Resume
                0x0000000018e00bcc       0x48 ./ALT1250/alt125x_driver.a(DRV_PM.o)
                0x0000000018e00bcc                DRV_PM_Resume
 .text.DRV_PM_EarlyBootTypeProbe
                0x0000000018e00c14       0x26 ./ALT1250/alt125x_driver.a(DRV_PM.o)
                0x0000000018e00c14                DRV_PM_EarlyBootTypeProbe
 *fill*         0x0000000018e00c3a        0x2 
 .text.DRV_GPIO_WAKEUP_CheckAvailability
                0x0000000018e00c3c       0x48 ./ALT1250/alt125x_driver.a(DRV_GPIO_WAKEUP.o)
 .text.DRV_GPIO_WAKEUP_HandleSleepNotify
                0x0000000018e00c84        0x4 ./ALT1250/alt125x_driver.a(DRV_GPIO_WAKEUP.o)
                0x0000000018e00c84                DRV_GPIO_WAKEUP_HandleSleepNotify
 .text.DRV_GPIO_WAKEUP_DummyInterruptHandler
                0x0000000018e00c88        0x2 ./ALT1250/alt125x_driver.a(DRV_GPIO_WAKEUP.o)
                0x0000000018e00c88                DRV_GPIO_WAKEUP_DummyInterruptHandler
 *fill*         0x0000000018e00c8a        0x2 
 .text.DRV_GPIO_WAKEUP_GetSetup
                0x0000000018e00c8c      0x160 ./ALT1250/alt125x_driver.a(DRV_GPIO_WAKEUP.o)
                0x0000000018e00c8c                DRV_GPIO_WAKEUP_GetSetup
 .text.DRV_GPIO_WAKEUP_Restore
                0x0000000018e00dec       0xb0 ./ALT1250/alt125x_driver.a(DRV_GPIO_WAKEUP.o)
                0x0000000018e00dec                DRV_GPIO_WAKEUP_Restore
 .text.DRV_GPIO_WAKEUP_Disable
                0x0000000018e00e9c       0x80 ./ALT1250/alt125x_driver.a(DRV_GPIO_WAKEUP.o)
                0x0000000018e00e9c                DRV_GPIO_WAKEUP_Disable
 .text.DRV_GPIO_WAKEUP_Enable
                0x0000000018e00f1c       0x78 ./ALT1250/alt125x_driver.a(DRV_GPIO_WAKEUP.o)
                0x0000000018e00f1c                DRV_GPIO_WAKEUP_Enable
 .text.DRV_GPIO_WAKEUP_SetPolarity
                0x0000000018e00f94       0xb8 ./ALT1250/alt125x_driver.a(DRV_GPIO_WAKEUP.o)
                0x0000000018e00f94                DRV_GPIO_WAKEUP_SetPolarity
 .text.DRV_GPIO_WAKEUP_SelectClock
                0x0000000018e0104c       0xb4 ./ALT1250/alt125x_driver.a(DRV_GPIO_WAKEUP.o)
                0x0000000018e0104c                DRV_GPIO_WAKEUP_SelectClock
 .text.DRV_GPIO_WAKEUP_EnableDebounce
                0x0000000018e01100       0x7c ./ALT1250/alt125x_driver.a(DRV_GPIO_WAKEUP.o)
                0x0000000018e01100                DRV_GPIO_WAKEUP_EnableDebounce
 .text.DRV_GPIO_WAKEUP_DisableDebounce
                0x0000000018e0117c       0x7c ./ALT1250/alt125x_driver.a(DRV_GPIO_WAKEUP.o)
                0x0000000018e0117c                DRV_GPIO_WAKEUP_DisableDebounce
 .text.DRV_GPIO_WAKEUP_SetDebounceValue
                0x0000000018e011f8       0x84 ./ALT1250/alt125x_driver.a(DRV_GPIO_WAKEUP.o)
                0x0000000018e011f8                DRV_GPIO_WAKEUP_SetDebounceValue
 .text.DRV_GPIO_WAKEUP_EnableInterrupt
                0x0000000018e0127c       0xc0 ./ALT1250/alt125x_driver.a(DRV_GPIO_WAKEUP.o)
                0x0000000018e0127c                DRV_GPIO_WAKEUP_EnableInterrupt
 .text.DRV_GPIO_WAKEUP_DisableInterrupt
                0x0000000018e0133c      0x134 ./ALT1250/alt125x_driver.a(DRV_GPIO_WAKEUP.o)
                0x0000000018e0133c                DRV_GPIO_WAKEUP_DisableInterrupt
 .text.DRV_GPIO_WAKEUP_AddIO
                0x0000000018e01470       0xf8 ./ALT1250/alt125x_driver.a(DRV_GPIO_WAKEUP.o)
                0x0000000018e01470                DRV_GPIO_WAKEUP_AddIO
 .text.DRV_GPIO_WAKEUP_ClearInterrupts
                0x0000000018e01568       0x80 ./ALT1250/alt125x_driver.a(DRV_GPIO_WAKEUP.o)
                0x0000000018e01568                DRV_GPIO_WAKEUP_ClearInterrupts
 .text.DRV_GPIO_WAKEUP_Initialize
                0x0000000018e015e8       0x6c ./ALT1250/alt125x_driver.a(DRV_GPIO_WAKEUP.o)
                0x0000000018e015e8                DRV_GPIO_WAKEUP_Initialize
 .text.gpio_wakeup_IRQHandler
                0x0000000018e01654       0xc0 ./ALT1250/alt125x_driver.a(DRV_GPIO_WAKEUP.o)
                0x0000000018e01654                gpio_wakeup_IRQHandler
 .text.DRV_GPIO_WAKEUP_ValidateUsingPin
                0x0000000018e01714       0x40 ./ALT1250/alt125x_driver.a(DRV_GPIO_WAKEUP.o)
                0x0000000018e01714                DRV_GPIO_WAKEUP_ValidateUsingPin
 .text.DRV_IF_CFG_GetDefConfig
                0x0000000018e01754       0x50 ./ALT1250/alt125x_driver.a(DRV_IF_CFG.o)
                0x0000000018e01754                DRV_IF_CFG_GetDefConfig
 .text.DRV_IF_CFG_SetIO
                0x0000000018e017a4      0x116 ./ALT1250/alt125x_driver.a(DRV_IF_CFG.o)
                0x0000000018e017a4                DRV_IF_CFG_SetIO
 *fill*         0x0000000018e018ba        0x2 
 .text.DRV_IOSEL_GetRegisterOffset
                0x0000000018e018bc       0x18 ./ALT1250/alt125x_driver.a(DRV_IOSEL.o)
                0x0000000018e018bc                DRV_IOSEL_GetRegisterOffset
 .text.DRV_IOSEL_PreSleepProcess
                0x0000000018e018d4       0x34 ./ALT1250/alt125x_driver.a(DRV_IOSEL.o)
                0x0000000018e018d4                DRV_IOSEL_PreSleepProcess
 .text.DRV_IOSEL_PostSleepProcess
                0x0000000018e01908       0x34 ./ALT1250/alt125x_driver.a(DRV_IOSEL.o)
                0x0000000018e01908                DRV_IOSEL_PostSleepProcess
 .text.DRV_CLKGATING_Initialize
                0x0000000018e0193c       0xb6 ./ALT1250/alt125x_driver.a(DRV_CLOCK_GATING.o)
                0x0000000018e0193c                DRV_CLKGATING_Initialize
 .text.DRV_CLKGATING_EnableClkSource
                0x0000000018e019f2       0xfc ./ALT1250/alt125x_driver.a(DRV_CLOCK_GATING.o)
                0x0000000018e019f2                DRV_CLKGATING_EnableClkSource
 *fill*         0x0000000018e01aee        0x2 
 .text.DRV_PMP_AGENT_Send
                0x0000000018e01af0       0x78 ./ALT1250/alt125x_driver.a(DRV_PMP_AGENT.o)
                0x0000000018e01af0                DRV_PMP_AGENT_Send
 .text.DRV_PMP_AGENT_GetWakeInfo
                0x0000000018e01b68       0x18 ./ALT1250/alt125x_driver.a(DRV_PMP_AGENT.o)
                0x0000000018e01b68                DRV_PMP_AGENT_GetWakeInfo
 .text.DRV_PMP_AGENT_HandleMessage
                0x0000000018e01b80       0x58 ./ALT1250/alt125x_driver.a(DRV_PMP_AGENT.o)
                0x0000000018e01b80                DRV_PMP_AGENT_HandleMessage
 .text.DRV_PMP_AGENT_HandleIRQ
                0x0000000018e01bd8       0x28 ./ALT1250/alt125x_driver.a(DRV_PMP_AGENT.o)
                0x0000000018e01bd8                DRV_PMP_AGENT_HandleIRQ
 .text.DRV_PMP_AGENT_SendMessage
                0x0000000018e01c00       0x24 ./ALT1250/alt125x_driver.a(DRV_PMP_AGENT.o)
                0x0000000018e01c00                DRV_PMP_AGENT_SendMessage
 .text.DRV_PMP_AGENT_SendMessageByIdleTask
                0x0000000018e01c24        0x8 ./ALT1250/alt125x_driver.a(DRV_PMP_AGENT.o)
                0x0000000018e01c24                DRV_PMP_AGENT_SendMessageByIdleTask
 .text.DRV_PMP_AGENT_ReInitialize
                0x0000000018e01c2c       0x34 ./ALT1250/alt125x_driver.a(DRV_PMP_AGENT.o)
                0x0000000018e01c2c                DRV_PMP_AGENT_ReInitialize
 .text.DRV_PMP_AGENT_Initialize
                0x0000000018e01c60       0x38 ./ALT1250/alt125x_driver.a(DRV_PMP_AGENT.o)
                0x0000000018e01c60                DRV_PMP_AGENT_Initialize
 .text.DRV_PMP_AGENT_GetSharedInfo
                0x0000000018e01c98       0x28 ./ALT1250/alt125x_driver.a(DRV_PMP_AGENT.o)
                0x0000000018e01c98                DRV_PMP_AGENT_GetSharedInfo
 .text.drv_sleep_notify_add_node
                0x0000000018e01cc0       0x2a ./ALT1250/alt125x_driver.a(DRV_SLEEP.o)
                0x0000000018e01cc0                drv_sleep_notify_add_node
 *fill*         0x0000000018e01cea        0x2 
 .text.drv_sleep_notify_remove_node
                0x0000000018e01cec       0x48 ./ALT1250/alt125x_driver.a(DRV_SLEEP.o)
                0x0000000018e01cec                drv_sleep_notify_remove_node
 .text.DRV_SLEEP_Initialize
                0x0000000018e01d34       0x24 ./ALT1250/alt125x_driver.a(DRV_SLEEP.o)
                0x0000000018e01d34                DRV_SLEEP_Initialize
 .text.DRV_SLEEP_RegNotification
                0x0000000018e01d58       0xac ./ALT1250/alt125x_driver.a(DRV_SLEEP.o)
                0x0000000018e01d58                DRV_SLEEP_RegNotification
 .text.DRV_SLEEP_UnRegNotification
                0x0000000018e01e04       0x8c ./ALT1250/alt125x_driver.a(DRV_SLEEP.o)
                0x0000000018e01e04                DRV_SLEEP_UnRegNotification
 .text.DRV_SLEEP_NOTIFY
                0x0000000018e01e90       0x38 ./ALT1250/alt125x_driver.a(DRV_SLEEP.o)
                0x0000000018e01e90                DRV_SLEEP_NOTIFY
 .text.DRV_IO_PARK_MarkForPark
                0x0000000018e01ec8       0x20 ./ALT1250/alt125x_driver.a(DRV_IO.o)
 .text.DRV_IO_PARK_MarkForSkip
                0x0000000018e01ee8       0x24 ./ALT1250/alt125x_driver.a(DRV_IO.o)
 .text.DRV_IO_PARK_InitParkTable
                0x0000000018e01f0c       0x2c ./ALT1250/alt125x_driver.a(DRV_IO.o)
 .text.drv_io_get_skip
                0x0000000018e01f38       0x1c ./ALT1250/alt125x_driver.a(DRV_IO.o)
 .text.DRV_IO_ValidatePartition
                0x0000000018e01f54       0x50 ./ALT1250/alt125x_driver.a(DRV_IO.o)
                0x0000000018e01f54                DRV_IO_ValidatePartition
 .text.DRV_IO_SetPull
                0x0000000018e01fa4       0x8c ./ALT1250/alt125x_driver.a(DRV_IO.o)
                0x0000000018e01fa4                DRV_IO_SetPull
 .text.DRV_IO_SetMux
                0x0000000018e02030       0x3a ./ALT1250/alt125x_driver.a(DRV_IO.o)
                0x0000000018e02030                DRV_IO_SetMux
 *fill*         0x0000000018e0206a        0x2 
 .text.DRV_IO_DeIsolate
                0x0000000018e0206c      0x15c ./ALT1250/alt125x_driver.a(DRV_IO.o)
 .text.DRV_IO_GetMux
                0x0000000018e021c8       0x3c ./ALT1250/alt125x_driver.a(DRV_IO.o)
                0x0000000018e021c8                DRV_IO_GetMux
 .text.DRV_IO_SetInputEnable
                0x0000000018e02204       0x64 ./ALT1250/alt125x_driver.a(DRV_IO.o)
                0x0000000018e02204                DRV_IO_SetInputEnable
 .text.DRV_IO_Isolate
                0x0000000018e02268      0x108 ./ALT1250/alt125x_driver.a(DRV_IO.o)
 .text.DRV_IO_SLEEP_PickIOs
                0x0000000018e02370       0xa0 ./ALT1250/alt125x_driver.a(DRV_IO.o)
                0x0000000018e02370                DRV_IO_SLEEP_PickIOs
 .text.DRV_IO_PreSleepProcess
                0x0000000018e02410       0x3c ./ALT1250/alt125x_driver.a(DRV_IO.o)
                0x0000000018e02410                DRV_IO_PreSleepProcess
 .text.DRV_IO_PostSleepProcess
                0x0000000018e0244c       0x38 ./ALT1250/alt125x_driver.a(DRV_IO.o)
                0x0000000018e0244c                DRV_IO_PostSleepProcess
 .text.DRV_IO_SLEEP_Initialize
                0x0000000018e02484       0x1c ./ALT1250/alt125x_driver.a(DRV_IO.o)
                0x0000000018e02484                DRV_IO_SLEEP_Initialize
 .text.DRV_ATOM_CNTR_ClearIRQ
                0x0000000018e024a0       0x1c ./ALT1250/alt125x_driver.a(DRV_ATOMIC_COUNTER.o)
 .text.MIPS_alt_insert
                0x0000000018e024bc       0x26 ./ALT1250/alt125x_driver.a(DRV_ATOMIC_COUNTER.o)
 *fill*         0x0000000018e024e2        0x2 
 .text.DRV_ATOM_CNTR_GetCount
                0x0000000018e024e4       0x14 ./ALT1250/alt125x_driver.a(DRV_ATOMIC_COUNTER.o)
                0x0000000018e024e4                DRV_ATOM_CNTR_GetCount
 .text.DRV_ATOM_CNTR_Increment
                0x0000000018e024f8       0x14 ./ALT1250/alt125x_driver.a(DRV_ATOMIC_COUNTER.o)
                0x0000000018e024f8                DRV_ATOM_CNTR_Increment
 .text.DRV_ATOM_CNTR_Decrement
                0x0000000018e0250c       0x14 ./ALT1250/alt125x_driver.a(DRV_ATOMIC_COUNTER.o)
                0x0000000018e0250c                DRV_ATOM_CNTR_Decrement
 .text.DRV_ATOM_CNTR_EnableIRQ
                0x0000000018e02520       0x38 ./ALT1250/alt125x_driver.a(DRV_ATOMIC_COUNTER.o)
                0x0000000018e02520                DRV_ATOM_CNTR_EnableIRQ
 .text.DRV_ATOM_CNTR_DisableIRQ
                0x0000000018e02558       0x38 ./ALT1250/alt125x_driver.a(DRV_ATOMIC_COUNTER.o)
                0x0000000018e02558                DRV_ATOM_CNTR_DisableIRQ
 .text.DRV_ATOM_CNTR_SetIrqMode
                0x0000000018e02590       0x38 ./ALT1250/alt125x_driver.a(DRV_ATOMIC_COUNTER.o)
                0x0000000018e02590                DRV_ATOM_CNTR_SetIrqMode
 .text.ATMCTR_MAILBOX_IRQhandler
                0x0000000018e025c8       0x8c ./ALT1250/alt125x_driver.a(DRV_ATOMIC_COUNTER.o)
                0x0000000018e025c8                ATMCTR_MAILBOX_IRQhandler
 .text.DRV_ATOM_CNTR_RegisterIRQ
                0x0000000018e02654       0x24 ./ALT1250/alt125x_driver.a(DRV_ATOMIC_COUNTER.o)
                0x0000000018e02654                DRV_ATOM_CNTR_RegisterIRQ
 .text.DRV_ATOM_CNTR_InitCounter
                0x0000000018e02678       0x74 ./ALT1250/alt125x_driver.a(DRV_ATOMIC_COUNTER.o)
                0x0000000018e02678                DRV_ATOM_CNTR_InitCounter
 .text.DRV_ATOM_CNTR_Initialize
                0x0000000018e026ec       0x10 ./ALT1250/alt125x_driver.a(DRV_ATOMIC_COUNTER.o)
                0x0000000018e026ec                DRV_ATOM_CNTR_Initialize
 .text.common_platform_initialize
                0x0000000018e026fc       0x18 ./ALT1250/applib.a(applib.o)
 .text._start   0x0000000018e02714       0x64 ./ALT1250/applib.a(applib.o)
                0x0000000018e02714                _start
 .text.prvGetRegistersFromStack
                0x0000000018e02778      0x194 ./ALT1250/applib.a(fault_handler.o)
                0x0000000018e02778                prvGetRegistersFromStack
 .text.HardFault_Handler
                0x0000000018e0290c       0x1a ./ALT1250/applib.a(fault_handler.o)
                0x0000000018e0290c                HardFault_Handler
 *fill*         0x0000000018e02926        0x2 
 .text.Default_Handler
                0x0000000018e02928       0x18 ./ALT1250/applib.a(fault_handler.o)
                0x0000000018e02928                Default_Handler
 .text.portASSERT
                0x0000000018e02940        0x4 ./ALT1250/applib.a(fault_handler.o)
                0x0000000018e02940                portASSERT
 .text.vApplicationMallocFailedHook
                0x0000000018e02944       0x18 ./ALT1250/applib.a(fault_handler.o)
                0x0000000018e02944                vApplicationMallocFailedHook
 .text.vApplicationStackOverflowHook
                0x0000000018e0295c       0x18 ./ALT1250/applib.a(fault_handler.o)
                0x0000000018e0295c                vApplicationStackOverflowHook
 .text.machine_reset
                0x0000000018e02974       0x42 ./ALT1250/applib.a(reset.o)
                0x0000000018e02974                machine_reset
 *fill*         0x0000000018e029b6        0x2 
 .text.bt_fn    0x0000000018e029b8       0x58 ./ALT1250/applib.a(backtrace.o)
                0x0000000018e029b8                bt_fn
 .text.dump_backtrace
                0x0000000018e02a10       0x2c ./ALT1250/applib.a(backtrace.o)
                0x0000000018e02a10                dump_backtrace
 .text.main     0x0000000018e02a3c       0x10 ./ALT1250/PROGRAM.a(main.o)
                0x0000000018e02a3c                main
 .text.Adrastea_EventCallback
                0x0000000018e02a4c      0x310 ./ALT1250/PROGRAM.a(Cloud_Demo.o)
                0x0000000018e02a4c                Adrastea_EventCallback
 .text.Init__Cloud__Task
                0x0000000018e02d5c      0x9c4 ./ALT1250/PROGRAM.a(Cloud_Demo.o)
                0x0000000018e02d5c                Init__Cloud__Task
 .text.Init__Cloud
                0x0000000018e03720       0x2c ./ALT1250/PROGRAM.a(Cloud_Demo.o)
                0x0000000018e03720                Init__Cloud
 .text.read_Pads
                0x0000000018e0374c       0x68 ./ALT1250/PROGRAM.a(Sensor_App.o)
 .text.read_Tids
                0x0000000018e037b4       0x80 ./ALT1250/PROGRAM.a(Sensor_App.o)
 .text.Initialize_TIDS
                0x0000000018e03834       0x64 ./ALT1250/PROGRAM.a(Sensor_App.o)
 .text.Initialize_HIDS
                0x0000000018e03898       0x88 ./ALT1250/PROGRAM.a(Sensor_App.o)
 .text.Initialize_PADS
                0x0000000018e03920       0xb4 ./ALT1250/PROGRAM.a(Sensor_App.o)
 .text.Initialize_ITDS
                0x0000000018e039d4      0x16c ./ALT1250/PROGRAM.a(Sensor_App.o)
 .text.round    0x0000000018e03b40       0x1c ./ALT1250/PROGRAM.a(Sensor_App.o)
                0x0000000018e03b40                round
 *fill*         0x0000000018e03b5c        0x4 
 .text.read_Itds
                0x0000000018e03b60      0x148 ./ALT1250/PROGRAM.a(Sensor_App.o)
 .text.read_Hids
                0x0000000018e03ca8       0xa8 ./ALT1250/PROGRAM.a(Sensor_App.o)
 .text.Sensor_Monitor
                0x0000000018e03d50       0x7c ./ALT1250/PROGRAM.a(Sensor_App.o)
 .text.Init__Sensor
                0x0000000018e03dcc       0x2c ./ALT1250/PROGRAM.a(Sensor_App.o)
                0x0000000018e03dcc                Init__Sensor
 .text.HAL_Init
                0x0000000018e03df8       0x26 ./ALT1250/PROGRAM.a(Sensor_App.o)
                0x0000000018e03df8                HAL_Init
 .text.Sensors_Init
                0x0000000018e03e1e       0x14 ./ALT1250/PROGRAM.a(Sensor_App.o)
                0x0000000018e03e1e                Sensors_Init
 .text.Init__Sensor_Task
                0x0000000018e03e32        0xe ./ALT1250/PROGRAM.a(Sensor_App.o)
                0x0000000018e03e32                Init__Sensor_Task
 .text.Get_Sensor_Data
                0x0000000018e03e40       0x38 ./ALT1250/PROGRAM.a(Sensor_App.o)
                0x0000000018e03e40                Get_Sensor_Data
 .text.Add_Escape_Char_to_JSON
                0x0000000018e03e78       0x48 ./ALT1250/PROGRAM.a(Sensor_Data.o)
 .text.Convert_Sensor_Data_to_JSON
                0x0000000018e03ec0      0x124 ./ALT1250/PROGRAM.a(Sensor_Data.o)
                0x0000000018e03ec0                Convert_Sensor_Data_to_JSON
 .text._out_buffer
                0x0000000018e03fe4        0x8 ./ALT1250/printf.a(printf.o)
 .text._out_null
                0x0000000018e03fec        0x2 ./ALT1250/printf.a(printf.o)
 .text._atoi    0x0000000018e03fee       0x24 ./ALT1250/printf.a(printf.o)
 .text._out_rev
                0x0000000018e04012       0x74 ./ALT1250/printf.a(printf.o)
 .text._ntoa_format
                0x0000000018e04086      0x138 ./ALT1250/printf.a(printf.o)
 .text._ntoa_long
                0x0000000018e041be       0x92 ./ALT1250/printf.a(printf.o)
 .text._ntoa_long_long
                0x0000000018e04250       0xbc ./ALT1250/printf.a(printf.o)
 *fill*         0x0000000018e0430c        0x4 
 .text._etoa    0x0000000018e04310      0x3e8 ./ALT1250/printf.a(printf.o)
 .text._ftoa    0x0000000018e046f8      0x360 ./ALT1250/printf.a(printf.o)
 .text._vsnprintf
                0x0000000018e04a58      0x6dc ./ALT1250/printf.a(printf.o)
 .text._out_char
                0x0000000018e05134        0xc ./ALT1250/printf.a(printf.o)
 .text.printf_  0x0000000018e05140       0x2c ./ALT1250/printf.a(printf.o)
                0x0000000018e05140                printf_
 .text.sprintf_
                0x0000000018e0516c       0x2c ./ALT1250/printf.a(printf.o)
                0x0000000018e0516c                sprintf_
 .text.snprintf_
                0x0000000018e05198       0x28 ./ALT1250/printf.a(printf.o)
                0x0000000018e05198                snprintf_
 .text.alt_osal_timer_callback
                0x0000000018e051c0       0x10 ./ALT1250/osal.a(freertos_osal.o)
 .text.alt_osal_irq_context
                0x0000000018e051d0       0x2c ./ALT1250/osal.a(freertos_osal.o)
                0x0000000018e051d0                alt_osal_irq_context
 .text.alt_osal_create_mutex
                0x0000000018e051fc       0xaa ./ALT1250/osal.a(freertos_osal.o)
                0x0000000018e051fc                alt_osal_create_mutex
 *fill*         0x0000000018e052a6        0x2 
 .text.alt_osal_lock_mutex
                0x0000000018e052a8       0xbc ./ALT1250/osal.a(freertos_osal.o)
                0x0000000018e052a8                alt_osal_lock_mutex
 .text.alt_osal_unlock_mutex
                0x0000000018e05364       0x90 ./ALT1250/osal.a(freertos_osal.o)
                0x0000000018e05364                alt_osal_unlock_mutex
 .text.alt_osal_create_timer
                0x0000000018e053f4       0xcc ./ALT1250/osal.a(freertos_osal.o)
                0x0000000018e053f4                alt_osal_create_timer
 .text.alt_osal_start_timer
                0x0000000018e054c0       0x74 ./ALT1250/osal.a(freertos_osal.o)
                0x0000000018e054c0                alt_osal_start_timer
 .text.alt_osal_stop_timer
                0x0000000018e05534       0x80 ./ALT1250/osal.a(freertos_osal.o)
                0x0000000018e05534                alt_osal_stop_timer
 .text.alt_osal_clear_taskflag
                0x0000000018e055b4       0x5e ./ALT1250/osal.a(freertos_osal.o)
                0x0000000018e055b4                alt_osal_clear_taskflag
 *fill*         0x0000000018e05612        0x2 
 .text.alt_osal_set_taskflag
                0x0000000018e05614       0x88 ./ALT1250/osal.a(freertos_osal.o)
                0x0000000018e05614                alt_osal_set_taskflag
 .text.alt_osal_wait_taskflag
                0x0000000018e0569c       0xa8 ./ALT1250/osal.a(freertos_osal.o)
                0x0000000018e0569c                alt_osal_wait_taskflag
 .text.alt_osal_get_current_task_handle
                0x0000000018e05744        0x8 ./ALT1250/osal.a(freertos_osal.o)
                0x0000000018e05744                alt_osal_get_current_task_handle
 .text.alt_osal_enter_critital_section
                0x0000000018e0574c        0x8 ./ALT1250/osal.a(freertos_osal.o)
                0x0000000018e0574c                alt_osal_enter_critital_section
 .text.alt_osal_exit_critital_section
                0x0000000018e05754        0x8 ./ALT1250/osal.a(freertos_osal.o)
                0x0000000018e05754                alt_osal_exit_critital_section
 .text.alt_osal_get_tick_count
                0x0000000018e0575c       0x14 ./ALT1250/osal.a(freertos_osal.o)
                0x0000000018e0575c                alt_osal_get_tick_count
 .text.alt_osal_enter_critical
                0x0000000018e05770       0x26 ./ALT1250/osal.a(freertos_osal.o)
                0x0000000018e05770                alt_osal_enter_critical
 .text.alt_osal_exit_critical
                0x0000000018e05796       0x16 ./ALT1250/osal.a(freertos_osal.o)
                0x0000000018e05796                alt_osal_exit_critical
 .text.alt_osal_is_inside_interrupt
                0x0000000018e057ac        0xe ./ALT1250/osal.a(freertos_osal.o)
                0x0000000018e057ac                alt_osal_is_inside_interrupt
 .text.alt_osal_get_tasks_status
                0x0000000018e057ba       0x60 ./ALT1250/osal.a(freertos_osal.o)
                0x0000000018e057ba                alt_osal_get_tasks_status
 .text.ZeroFreeMem
                0x0000000018e0581a       0x2c ./ALT1250/PWRMANAGER.a(hibernate.o)
 .text.GetFreeStack
                0x0000000018e05846       0x4e ./ALT1250/PWRMANAGER.a(hibernate.o)
 .text.GetFreeList
                0x0000000018e05894       0x14 ./ALT1250/PWRMANAGER.a(hibernate.o)
 .text.DecompressPartial
                0x0000000018e058a8       0x4c ./ALT1250/PWRMANAGER.a(hibernate.o)
 .text.hibernate_to_flash
                0x0000000018e058f4       0x84 ./ALT1250/PWRMANAGER.a(hibernate.o)
                0x0000000018e058f4                hibernate_to_flash
 .text.hibernate_from_flash
                0x0000000018e05978       0x40 ./ALT1250/PWRMANAGER.a(hibernate.o)
                0x0000000018e05978                hibernate_from_flash
 .text.hibernate_prepare_flash_space
                0x0000000018e059b8      0x110 ./ALT1250/PWRMANAGER.a(hibernate.o)
                0x0000000018e059b8                hibernate_prepare_flash_space
 .text.probe_flash_offset
                0x0000000018e05ac8       0x60 ./ALT1250/PWRMANAGER.a(hibernate.o)
                0x0000000018e05ac8                probe_flash_offset
 .text.hibernate_to_gpm
                0x0000000018e05b28       0xc4 ./ALT1250/PWRMANAGER.a(hibernate.o)
                0x0000000018e05b28                hibernate_to_gpm
 .text.hibernate_from_gpm
                0x0000000018e05bec       0x18 ./ALT1250/PWRMANAGER.a(hibernate.o)
                0x0000000018e05bec                hibernate_from_gpm
 .text.update_sleep_manager_counter
                0x0000000018e05c04       0x44 ./ALT1250/PWRMANAGER.a(pwr_mngr.o)
 .text.pwr_check_uart_inactive_time
                0x0000000018e05c48       0x4c ./ALT1250/PWRMANAGER.a(pwr_mngr.o)
 .text.pm_conf_init
                0x0000000018e05c94       0x54 ./ALT1250/PWRMANAGER.a(pwr_mngr.o)
 .text.pwr_mngr_check_mon_gpio_busy
                0x0000000018e05ce8       0x5c ./ALT1250/PWRMANAGER.a(pwr_mngr.o)
 .text.pwr_mngr_conf_set_mode
                0x0000000018e05d44       0x38 ./ALT1250/PWRMANAGER.a(pwr_mngr.o)
                0x0000000018e05d44                pwr_mngr_conf_set_mode
 .text.pwr_mngr_conf_get_settings
                0x0000000018e05d7c       0x24 ./ALT1250/PWRMANAGER.a(pwr_mngr.o)
                0x0000000018e05d7c                pwr_mngr_conf_get_settings
 .text.pwr_mngr_pre_sleep_process
                0x0000000018e05da0       0x2c ./ALT1250/PWRMANAGER.a(pwr_mngr.o)
                0x0000000018e05da0                pwr_mngr_pre_sleep_process
 .text.pwr_mngr_post_sleep_process
                0x0000000018e05dcc       0x28 ./ALT1250/PWRMANAGER.a(pwr_mngr.o)
                0x0000000018e05dcc                pwr_mngr_post_sleep_process
 .text.pwr_mngr_refresh_uart_inactive_time
                0x0000000018e05df4       0x1c ./ALT1250/PWRMANAGER.a(pwr_mngr.o)
                0x0000000018e05df4                pwr_mngr_refresh_uart_inactive_time
 .text.pwr_mngr_clr_prevent_sleep_cntr
                0x0000000018e05e10       0x14 ./ALT1250/PWRMANAGER.a(pwr_mngr.o)
                0x0000000018e05e10                pwr_mngr_clr_prevent_sleep_cntr
 .text.pwr_mngr_check_allow2sleep
                0x0000000018e05e24       0x8c ./ALT1250/PWRMANAGER.a(pwr_mngr.o)
                0x0000000018e05e24                pwr_mngr_check_allow2sleep
 .text.pwr_mngr_enter_sleep
                0x0000000018e05eb0       0x88 ./ALT1250/PWRMANAGER.a(pwr_mngr.o)
                0x0000000018e05eb0                pwr_mngr_enter_sleep
 .text.pwr_mngr_init
                0x0000000018e05f38       0x48 ./ALT1250/PWRMANAGER.a(pwr_mngr.o)
                0x0000000018e05f38                pwr_mngr_init
 .text.smngr_init
                0x0000000018e05f80       0x3c ./ALT1250/PWRMANAGER.a(sleep_mngr.o)
                0x0000000018e05f80                smngr_init
 .text.smngr_is_dev_busy
                0x0000000018e05fbc       0x44 ./ALT1250/PWRMANAGER.a(sleep_mngr.o)
                0x0000000018e05fbc                smngr_is_dev_busy
 .text.sleep_notify_init
                0x0000000018e06000       0x58 ./ALT1250/PWRMANAGER.a(sleep_notify.o)
                0x0000000018e06000                sleep_notify_init
 .text.sleep_notify
                0x0000000018e06058       0x38 ./ALT1250/PWRMANAGER.a(sleep_notify.o)
                0x0000000018e06058                sleep_notify
 .text.fastlz1_compress
                0x0000000018e06090      0x368 ./ALT1250/PWRMANAGER.a(fastlz.o)
 .text.fastlz1_decompress
                0x0000000018e063f8      0x144 ./ALT1250/PWRMANAGER.a(fastlz.o)
 .text.fastlz_decompress_internal
                0x0000000018e0653c       0x20 ./ALT1250/PWRMANAGER.a(fastlz.o)
                0x0000000018e0653c                fastlz_decompress_internal
 .text.fastlz_compress_level
                0x0000000018e0655c       0x26 ./ALT1250/PWRMANAGER.a(fastlz.o)
                0x0000000018e0655c                fastlz_compress_level
 .text.get_decimal_point
                0x0000000018e06582        0x4 ./ALT1250/utils.a(cJSON.o)
 *fill*         0x0000000018e06586        0x2 
 .text.compare_double
                0x0000000018e06588       0x64 ./ALT1250/utils.a(cJSON.o)
 .text.parse_hex4
                0x0000000018e065ec       0x54 ./ALT1250/utils.a(cJSON.o)
 .text.utf16_literal_to_utf8
                0x0000000018e06640       0xec ./ALT1250/utils.a(cJSON.o)
 .text.parse_string
                0x0000000018e0672c      0x1a0 ./ALT1250/utils.a(cJSON.o)
 .text.buffer_skip_whitespace
                0x0000000018e068cc       0x3e ./ALT1250/utils.a(cJSON.o)
 .text.get_array_item
                0x0000000018e0690a       0x16 ./ALT1250/utils.a(cJSON.o)
 .text.suffix_object
                0x0000000018e06920        0x6 ./ALT1250/utils.a(cJSON.o)
 .text.add_item_to_array
                0x0000000018e06926       0x3e ./ALT1250/utils.a(cJSON.o)
 .text.cast_away_const
                0x0000000018e06964        0x2 ./ALT1250/utils.a(cJSON.o)
 .text.update_offset
                0x0000000018e06966       0x1a ./ALT1250/utils.a(cJSON.o)
 .text.cJSON_strdup
                0x0000000018e06980       0x28 ./ALT1250/utils.a(cJSON.o)
 .text.add_item_to_object
                0x0000000018e069a8       0x6e ./ALT1250/utils.a(cJSON.o)
 .text.ensure   0x0000000018e06a16       0xa6 ./ALT1250/utils.a(cJSON.o)
 .text.cJSON_New_Item
                0x0000000018e06abc       0x18 ./ALT1250/utils.a(cJSON.o)
 .text.skip_utf8_bom
                0x0000000018e06ad4       0x3c ./ALT1250/utils.a(cJSON.o)
 .text.parse_number
                0x0000000018e06b10      0x1d4 ./ALT1250/utils.a(cJSON.o)
 .text.print_string_ptr
                0x0000000018e06ce4      0x124 ./ALT1250/utils.a(cJSON.o)
 .text.print_string
                0x0000000018e06e08        0xa ./ALT1250/utils.a(cJSON.o)
 *fill*         0x0000000018e06e12        0x2 
 .text.print_number
                0x0000000018e06e14      0x130 ./ALT1250/utils.a(cJSON.o)
 .text.print_value
                0x0000000018e06f44       0xec ./ALT1250/utils.a(cJSON.o)
 .text.print    0x0000000018e07030       0xa4 ./ALT1250/utils.a(cJSON.o)
 .text.print_array
                0x0000000018e070d4       0xa6 ./ALT1250/utils.a(cJSON.o)
 .text.print_object
                0x0000000018e0717a      0x170 ./ALT1250/utils.a(cJSON.o)
 .text.case_insensitive_strcmp
                0x0000000018e072ea       0x8a ./ALT1250/utils.a(cJSON.o)
 .text.get_object_item
                0x0000000018e07374       0x48 ./ALT1250/utils.a(cJSON.o)
 .text.cJSON_Delete
                0x0000000018e073bc       0x5c ./ALT1250/utils.a(cJSON.o)
                0x0000000018e073bc                cJSON_Delete
 .text.parse_object
                0x0000000018e07418      0x138 ./ALT1250/utils.a(cJSON.o)
 .text.parse_value
                0x0000000018e07550      0x108 ./ALT1250/utils.a(cJSON.o)
 .text.parse_array
                0x0000000018e07658       0xea ./ALT1250/utils.a(cJSON.o)
 *fill*         0x0000000018e07742        0x2 
 .text.cJSON_ParseWithLengthOpts
                0x0000000018e07744       0xc4 ./ALT1250/utils.a(cJSON.o)
                0x0000000018e07744                cJSON_ParseWithLengthOpts
 .text.cJSON_ParseWithOpts
                0x0000000018e07808       0x20 ./ALT1250/utils.a(cJSON.o)
                0x0000000018e07808                cJSON_ParseWithOpts
 .text.cJSON_Parse
                0x0000000018e07828        0xc ./ALT1250/utils.a(cJSON.o)
                0x0000000018e07828                cJSON_Parse
 .text.cJSON_PrintUnformatted
                0x0000000018e07834       0x10 ./ALT1250/utils.a(cJSON.o)
                0x0000000018e07834                cJSON_PrintUnformatted
 .text.cJSON_GetArraySize
                0x0000000018e07844       0x16 ./ALT1250/utils.a(cJSON.o)
                0x0000000018e07844                cJSON_GetArraySize
 .text.cJSON_GetArrayItem
                0x0000000018e0785a       0x10 ./ALT1250/utils.a(cJSON.o)
                0x0000000018e0785a                cJSON_GetArrayItem
 .text.cJSON_GetObjectItem
                0x0000000018e0786a        0xa ./ALT1250/utils.a(cJSON.o)
                0x0000000018e0786a                cJSON_GetObjectItem
 .text.cJSON_AddItemToObject
                0x0000000018e07874       0x18 ./ALT1250/utils.a(cJSON.o)
                0x0000000018e07874                cJSON_AddItemToObject
 .text.cJSON_CreateString
                0x0000000018e0788c       0x30 ./ALT1250/utils.a(cJSON.o)
                0x0000000018e0788c                cJSON_CreateString
 .text.cJSON_AddStringToObject
                0x0000000018e078bc       0x38 ./ALT1250/utils.a(cJSON.o)
                0x0000000018e078bc                cJSON_AddStringToObject
 .text.cJSON_CreateObject
                0x0000000018e078f4       0x18 ./ALT1250/utils.a(cJSON.o)
                0x0000000018e078f4                cJSON_CreateObject
 .text.cJSON_IsString
                0x0000000018e0790c       0x12 ./ALT1250/utils.a(cJSON.o)
                0x0000000018e0790c                cJSON_IsString
 .text.cJSON_IsArray
                0x0000000018e0791e       0x12 ./ALT1250/utils.a(cJSON.o)
                0x0000000018e0791e                cJSON_IsArray
 .text.Uint_To_String
                0x0000000018e07930       0x46 ./ALT1250/utils.a(cString.o)
                0x0000000018e07930                Uint_To_String
 .text.Replace_DoubleQuotes_With_SingleQuotes
                0x0000000018e07976       0x14 ./ALT1250/utils.a(cString.o)
                0x0000000018e07976                Replace_DoubleQuotes_With_SingleQuotes
 .text.Replace_DoubleQuotes_With_Escape
                0x0000000018e0798a       0x24 ./ALT1250/utils.a(cString.o)
                0x0000000018e0798a                Replace_DoubleQuotes_With_Escape
 .text.I2Cx_ReadBytes
                0x0000000018e079ae       0x24 ./ALT1250/hal.a(platform.o)
 .text.I2Cx_WriteBytes
                0x0000000018e079d2       0x16 ./ALT1250/hal.a(platform.o)
 .text.WE_ReadReg
                0x0000000018e079e8       0x68 ./ALT1250/hal.a(platform.o)
                0x0000000018e079e8                WE_ReadReg
 .text.WE_WriteReg
                0x0000000018e07a50       0x5c ./ALT1250/hal.a(platform.o)
                0x0000000018e07a50                WE_WriteReg
 .text.WE_isSensorInterfaceReady
                0x0000000018e07aac       0x24 ./ALT1250/hal.a(platform.o)
                0x0000000018e07aac                WE_isSensorInterfaceReady
 .text.WE_Delay
                0x0000000018e07ad0        0x8 ./ALT1250/hal.a(platform.o)
                0x0000000018e07ad0                WE_Delay
 .text.WE_GetTick
                0x0000000018e07ad8        0x8 ./ALT1250/hal.a(platform.o)
                0x0000000018e07ad8                WE_GetTick
 .text.WE_DelayMicroseconds
                0x0000000018e07ae0       0x18 ./ALT1250/hal.a(platform.o)
                0x0000000018e07ae0                WE_DelayMicroseconds
 .text.WE_GetTickMicroseconds
                0x0000000018e07af8       0x10 ./ALT1250/hal.a(platform.o)
                0x0000000018e07af8                WE_GetTickMicroseconds
 .text.WE_UART_RXPin0_TXPin1_Transmit
                0x0000000018e07b08        0x8 ./ALT1250/hal.a(platform.o)
                0x0000000018e07b08                WE_UART_RXPin0_TXPin1_Transmit
 .text.WE_DEBUG_PRINT
                0x0000000018e07b10        0x8 ./ALT1250/hal.a(platform.o)
                0x0000000018e07b10                WE_DEBUG_PRINT
 .text.WE_InitPins
                0x0000000018e07b18        0x4 ./ALT1250/hal.a(platform.o)
                0x0000000018e07b18                WE_InitPins
 .text.WE_SetPin
                0x0000000018e07b1c        0xe ./ALT1250/hal.a(platform.o)
                0x0000000018e07b1c                WE_SetPin
 .text.WE_UART_RXPin0_TXPin1_Init
                0x0000000018e07b2a        0x8 ./ALT1250/hal.a(platform.o)
                0x0000000018e07b2a                WE_UART_RXPin0_TXPin1_Init
 *fill*         0x0000000018e07b32        0x2 
 .text.HAL_I2C__Initialize_EventCallBack
                0x0000000018e07b34       0x2c ./ALT1250/hal.a(hal_i2c.o)
 .text.HAL_I2C__osSemaphoreCreate
                0x0000000018e07b60       0x20 ./ALT1250/hal.a(hal_i2c.o)
 .text.HAL_I2C__Initialize
                0x0000000018e07b80       0x30 ./ALT1250/hal.a(hal_i2c.o)
                0x0000000018e07b80                HAL_I2C__Initialize
 .text.HAL__I2C_SetSpeed
                0x0000000018e07bb0       0x1c ./ALT1250/hal.a(hal_i2c.o)
                0x0000000018e07bb0                HAL__I2C_SetSpeed
 .text.HAL__I2C_SetOpMode
                0x0000000018e07bcc       0x54 ./ALT1250/hal.a(hal_i2c.o)
                0x0000000018e07bcc                HAL__I2C_SetOpMode
 .text.HAL_I2C__Set_I2C_Bus_Id
                0x0000000018e07c20       0x2c ./ALT1250/hal.a(hal_i2c.o)
                0x0000000018e07c20                HAL_I2C__Set_I2C_Bus_Id
 .text.HAL_I2C__SetPowerMode
                0x0000000018e07c4c       0x48 ./ALT1250/hal.a(hal_i2c.o)
                0x0000000018e07c4c                HAL_I2C__SetPowerMode
 .text.HAL_I2C_Mem_Write
                0x0000000018e07c94       0xa8 ./ALT1250/hal.a(hal_i2c.o)
                0x0000000018e07c94                HAL_I2C_Mem_Write
 .text.HAL_I2C_Mem_Read
                0x0000000018e07d3c       0xe8 ./ALT1250/hal.a(hal_i2c.o)
                0x0000000018e07d3c                HAL_I2C_Mem_Read
 .text.HAL_I2C_Master_Receive
                0x0000000018e07e24       0x30 ./ALT1250/hal.a(hal_i2c.o)
                0x0000000018e07e24                HAL_I2C_Master_Receive
 .text.HAL_I2C_IsDeviceReady
                0x0000000018e07e54        0x4 ./ALT1250/hal.a(hal_i2c.o)
                0x0000000018e07e54                HAL_I2C_IsDeviceReady
 .text.console_write
                0x0000000018e07e58       0x24 ./ALT1250/hal.a(hal_uart.o)
 .text.HAL_Internal_Uart__Task
                0x0000000018e07e7c       0x2c ./ALT1250/hal.a(hal_uart.o)
 .text.HAL_UART_RXPin0_TXPin1_Transmit
                0x0000000018e07ea8       0x2c ./ALT1250/hal.a(hal_uart.o)
                0x0000000018e07ea8                HAL_UART_RXPin0_TXPin1_Transmit
 .text.HAL_UART__Internal_Initialize
                0x0000000018e07ed4       0x5c ./ALT1250/hal.a(hal_uart.o)
                0x0000000018e07ed4                HAL_UART__Internal_Initialize
 .text.HAL_Delay
                0x0000000018e07f30        0xc ./ALT1250/hal.a(hal_helper.o)
                0x0000000018e07f30                HAL_Delay
 .text.HAL_GetTick
                0x0000000018e07f3c        0x8 ./ALT1250/hal.a(hal_helper.o)
                0x0000000018e07f3c                HAL_GetTick
 .text.ATDevice_Test
                0x0000000018e07f44       0x28 ./ALT1250/libraries.a(ATDevice.o)
                0x0000000018e07f44                ATDevice_Test
 .text.ATDevice_RequestRevisionIdentity
                0x0000000018e07f6c       0x78 ./ALT1250/libraries.a(ATDevice.o)
                0x0000000018e07f6c                ATDevice_RequestRevisionIdentity
 .text.ATDevice_RequestIMEI
                0x0000000018e07fe4       0x50 ./ALT1250/libraries.a(ATDevice.o)
                0x0000000018e07fe4                ATDevice_RequestIMEI
 .text.ATDevice_Reset
                0x0000000018e08034       0x28 ./ALT1250/libraries.a(ATDevice.o)
                0x0000000018e08034                ATDevice_Reset
 .text.ATEvent_ParseEventSubType
                0x0000000018e0805c       0x6c ./ALT1250/libraries.a(ATEvent.o)
 .text.ATEvent_ParseEventType
                0x0000000018e080c8      0x234 ./ALT1250/libraries.a(ATEvent.o)
                0x0000000018e080c8                ATEvent_ParseEventType
 .text.ATEvent_GetEventName
                0x0000000018e082fc       0x18 ./ALT1250/libraries.a(ATEvent.o)
                0x0000000018e082fc                ATEvent_GetEventName
 .text.ATMQTT_ConfigureNodes
                0x0000000018e08314       0xfc ./ALT1250/libraries.a(ATMQTT.o)
                0x0000000018e08314                ATMQTT_ConfigureNodes
 .text.ATMQTT_ConfigureTLS
                0x0000000018e08410       0x90 ./ALT1250/libraries.a(ATMQTT.o)
                0x0000000018e08410                ATMQTT_ConfigureTLS
 .text.ATMQTT_ConfigureIP
                0x0000000018e084a0      0x114 ./ALT1250/libraries.a(ATMQTT.o)
                0x0000000018e084a0                ATMQTT_ConfigureIP
 .text.ATMQTT_ConfigureProtocol
                0x0000000018e085b4       0xac ./ALT1250/libraries.a(ATMQTT.o)
                0x0000000018e085b4                ATMQTT_ConfigureProtocol
 .text.ATMQTT_SetMQTTUnsolicitedNotificationEvents
                0x0000000018e08660       0x80 ./ALT1250/libraries.a(ATMQTT.o)
                0x0000000018e08660                ATMQTT_SetMQTTUnsolicitedNotificationEvents
 .text.ATMQTT_ParseConnectionConfirmationEvent
                0x0000000018e086e0       0x6e ./ALT1250/libraries.a(ATMQTT.o)
                0x0000000018e086e0                ATMQTT_ParseConnectionConfirmationEvent
 .text.ATMQTT_ParseSubscriptionConfirmationEvent
                0x0000000018e0874e       0x7e ./ALT1250/libraries.a(ATMQTT.o)
                0x0000000018e0874e                ATMQTT_ParseSubscriptionConfirmationEvent
 .text.ATMQTT_Connect
                0x0000000018e087cc       0x68 ./ALT1250/libraries.a(ATMQTT.o)
                0x0000000018e087cc                ATMQTT_Connect
 .text.ATMQTT_Subscribe
                0x0000000018e08834       0x90 ./ALT1250/libraries.a(ATMQTT.o)
                0x0000000018e08834                ATMQTT_Subscribe
 .text.ATMQTT_Publish
                0x0000000018e088c4       0xcc ./ALT1250/libraries.a(ATMQTT.o)
                0x0000000018e088c4                ATMQTT_Publish
 .text.ATMQTT_AWSIOTConfigureConnection
                0x0000000018e08990       0x90 ./ALT1250/libraries.a(ATMQTT.o)
                0x0000000018e08990                ATMQTT_AWSIOTConfigureConnection
 .text.ATMQTT_AWSIOTConfigureProtocol
                0x0000000018e08a20       0x80 ./ALT1250/libraries.a(ATMQTT.o)
                0x0000000018e08a20                ATMQTT_AWSIOTConfigureProtocol
 .text.ATMQTT_SetAWSIOTUnsolicitedNotificationEvents
                0x0000000018e08aa0       0x7c ./ALT1250/libraries.a(ATMQTT.o)
                0x0000000018e08aa0                ATMQTT_SetAWSIOTUnsolicitedNotificationEvents
 .text.ATMQTT_ParseAWSIOTConnectionConfirmationEvent
                0x0000000018e08b1c       0x26 ./ALT1250/libraries.a(ATMQTT.o)
                0x0000000018e08b1c                ATMQTT_ParseAWSIOTConnectionConfirmationEvent
 .text.ATMQTT_ParseAWSIOTSubscriptionConfirmationEvent
                0x0000000018e08b42       0x3c ./ALT1250/libraries.a(ATMQTT.o)
                0x0000000018e08b42                ATMQTT_ParseAWSIOTSubscriptionConfirmationEvent
 *fill*         0x0000000018e08b7e        0x2 
 .text.ATMQTT_AWSIOTConnect
                0x0000000018e08b80       0x28 ./ALT1250/libraries.a(ATMQTT.o)
                0x0000000018e08b80                ATMQTT_AWSIOTConnect
 .text.ATMQTT_AWSIOTSubscribe
                0x0000000018e08ba8       0x68 ./ALT1250/libraries.a(ATMQTT.o)
                0x0000000018e08ba8                ATMQTT_AWSIOTSubscribe
 .text.ATMQTT_AWSIOTPublish
                0x0000000018e08c10       0x78 ./ALT1250/libraries.a(ATMQTT.o)
                0x0000000018e08c10                ATMQTT_AWSIOTPublish
 .text.ATPacketDomain_SetNetworkRegistrationResultCode
                0x0000000018e08c88       0x60 ./ALT1250/libraries.a(ATPacketDomain.o)
                0x0000000018e08c88                ATPacketDomain_SetNetworkRegistrationResultCode
 .text.ATPacketDomain_ReadNetworkRegistrationStatus
                0x0000000018e08ce8       0xd0 ./ALT1250/libraries.a(ATPacketDomain.o)
                0x0000000018e08ce8                ATPacketDomain_ReadNetworkRegistrationStatus
 .text.ATPacketDomain_ParseNetworkRegistrationStatusEvent
                0x0000000018e08db8       0x8e ./ALT1250/libraries.a(ATPacketDomain.o)
                0x0000000018e08db8                ATPacketDomain_ParseNetworkRegistrationStatusEvent
 *fill*         0x0000000018e08e46        0x2 
 .text.ATProprietary_SetNetworkAttachmentState
                0x0000000018e08e48       0x60 ./ALT1250/libraries.a(ATProprietary.o)
                0x0000000018e08e48                ATProprietary_SetNetworkAttachmentState
 .text.ATProprietary_Ping
                0x0000000018e08ea8      0x128 ./ALT1250/libraries.a(ATProprietary.o)
                0x0000000018e08ea8                ATProprietary_Ping
 .text.ATProprietary_WriteCredential
                0x0000000018e08fd0       0x8c ./ALT1250/libraries.a(ATProprietary.o)
                0x0000000018e08fd0                ATProprietary_WriteCredential
 .text.ATProprietary_AddTLSProfile
                0x0000000018e0905c      0x198 ./ALT1250/libraries.a(ATProprietary.o)
                0x0000000018e0905c                ATProprietary_AddTLSProfile
 .text.ATSIM_ReadPinStatus
                0x0000000018e091f4       0x64 ./ALT1250/libraries.a(ATSIM.o)
                0x0000000018e091f4                ATSIM_ReadPinStatus
 .text.Adrastea_Transmit
                0x0000000018e09258        0x8 ./ALT1250/libraries.a(Adrastea.o)
                0x0000000018e09258                Adrastea_Transmit
 .text.Adrastea_HandleRxLine
                0x0000000018e09260      0x264 ./ALT1250/libraries.a(Adrastea.o)
 .text.Adrastea_SendRequest
                0x0000000018e094c4       0xd8 ./ALT1250/libraries.a(Adrastea.o)
                0x0000000018e094c4                Adrastea_SendRequest
 .text.Adrastea_WaitForConfirm
                0x0000000018e0959c       0x90 ./ALT1250/libraries.a(Adrastea.o)
                0x0000000018e0959c                Adrastea_WaitForConfirm
 .text.Adrastea_CountArgs
                0x0000000018e0962c       0x3a ./ALT1250/libraries.a(Adrastea.o)
                0x0000000018e0962c                Adrastea_CountArgs
 *fill*         0x0000000018e09666        0x2 
 .text.Adrastea_CheckResponseComplete
                0x0000000018e09668       0x6c ./ALT1250/libraries.a(Adrastea.o)
                0x0000000018e09668                Adrastea_CheckResponseComplete
 .text.Adrastea_HandleRxByte
                0x0000000018e096d4      0x120 ./ALT1250/libraries.a(Adrastea.o)
 .text.Adrastea_GetTimeout
                0x0000000018e097f4        0xc ./ALT1250/libraries.a(Adrastea.o)
                0x0000000018e097f4                Adrastea_GetTimeout
 .text.WE_UART_RXPin0_TXPin1_HandleRxByte
                0x0000000018e09800       0x10 ./ALT1250/libraries.a(Adrastea.o)
                0x0000000018e09800                WE_UART_RXPin0_TXPin1_HandleRxByte
 .text.Adrastea_CheckATMode
                0x0000000018e09810        0xc ./ALT1250/libraries.a(Adrastea.o)
                0x0000000018e09810                Adrastea_CheckATMode
 .text.Adrastea_Init
                0x0000000018e0981c      0x118 ./ALT1250/libraries.a(Adrastea.o)
                0x0000000018e0981c                Adrastea_Init
 .text.ATCommand_IntToString
                0x0000000018e09934       0x4c ./ALT1250/libraries.a(ATCommands.o)
                0x0000000018e09934                ATCommand_IntToString
 .text.ATCommand_StringToInt
                0x0000000018e09980       0xd8 ./ALT1250/libraries.a(ATCommands.o)
                0x0000000018e09980                ATCommand_StringToInt
 .text.ATCommand_AppendArgumentString
                0x0000000018e09a58       0x3e ./ALT1250/libraries.a(ATCommands.o)
                0x0000000018e09a58                ATCommand_AppendArgumentString
 .text.ATCommand_AppendArgumentStringQuotationMarks
                0x0000000018e09a96       0x4c ./ALT1250/libraries.a(ATCommands.o)
                0x0000000018e09a96                ATCommand_AppendArgumentStringQuotationMarks
 .text.ATCommand_GetNextArgumentString
                0x0000000018e09ae2       0x80 ./ALT1250/libraries.a(ATCommands.o)
                0x0000000018e09ae2                ATCommand_GetNextArgumentString
 .text.ATCommand_GetNextArgumentStringWithoutQuotationMarks
                0x0000000018e09b62       0xac ./ALT1250/libraries.a(ATCommands.o)
                0x0000000018e09b62                ATCommand_GetNextArgumentStringWithoutQuotationMarks
 .text.ATCommand_AppendArgumentInt
                0x0000000018e09c0e       0x2e ./ALT1250/libraries.a(ATCommands.o)
                0x0000000018e09c0e                ATCommand_AppendArgumentInt
 .text.ATCommand_GetNextArgumentInt
                0x0000000018e09c3c       0x3e ./ALT1250/libraries.a(ATCommands.o)
                0x0000000018e09c3c                ATCommand_GetNextArgumentInt
 .text.ATCommand_GetCmdName
                0x0000000018e09c7a       0x84 ./ALT1250/libraries.a(ATCommands.o)
                0x0000000018e09c7a                ATCommand_GetCmdName
 .text.ATCommand_FindString
                0x0000000018e09cfe       0x4e ./ALT1250/libraries.a(ATCommands.o)
                0x0000000018e09cfe                ATCommand_FindString
 .text.ATCommand_GetNextArgumentEnum
                0x0000000018e09d4c       0x4e ./ALT1250/libraries.a(ATCommands.o)
                0x0000000018e09d4c                ATCommand_GetNextArgumentEnum
 *fill*         0x0000000018e09d9a        0x2 
 .text.Read_AWS_Cloud_Settings_From_Flash
                0x0000000018e09d9c      0x204 ./ALT1250/connectivity.a(aws_adrastea.o)
                0x0000000018e09d9c                Read_AWS_Cloud_Settings_From_Flash
 .text.Read_AWS_Device_Certificate_From_Flash
                0x0000000018e09fa0       0x7c ./ALT1250/connectivity.a(aws_adrastea.o)
                0x0000000018e09fa0                Read_AWS_Device_Certificate_From_Flash
 .text.Read_AWS_Private_Key_From_Flash
                0x0000000018e0a01c       0x78 ./ALT1250/connectivity.a(aws_adrastea.o)
                0x0000000018e0a01c                Read_AWS_Private_Key_From_Flash
 .text.Read_Azure_Cloud_Settings_From_Flash
                0x0000000018e0a094      0x35c ./ALT1250/connectivity.a(azure_adrastea.o)
                0x0000000018e0a094                Read_Azure_Cloud_Settings_From_Flash
 .text.Read_Azure_Device_Certificate_From_Flash
                0x0000000018e0a3f0       0x78 ./ALT1250/connectivity.a(azure_adrastea.o)
                0x0000000018e0a3f0                Read_Azure_Device_Certificate_From_Flash
 .text.Read_Azure_Private_Key_From_Flash
                0x0000000018e0a468       0x74 ./ALT1250/connectivity.a(azure_adrastea.o)
                0x0000000018e0a468                Read_Azure_Private_Key_From_Flash
 .text.Read_Azure_Root_Cert_From_Flash
                0x0000000018e0a4dc       0x78 ./ALT1250/connectivity.a(azure_adrastea.o)
                0x0000000018e0a4dc                Read_Azure_Root_Cert_From_Flash
 .text.Read_Mosquitto_Cloud_Settings
                0x0000000018e0a554      0x210 ./ALT1250/connectivity.a(mosquitto_adrastea.o)
                0x0000000018e0a554                Read_Mosquitto_Cloud_Settings
 .text.Read_Mosquitto_Client_Certificate_From_Flash
                0x0000000018e0a764       0x78 ./ALT1250/connectivity.a(mosquitto_adrastea.o)
                0x0000000018e0a764                Read_Mosquitto_Client_Certificate_From_Flash
 .text.Read_Mosquitto_Client_Key_From_Flash
                0x0000000018e0a7dc       0x78 ./ALT1250/connectivity.a(mosquitto_adrastea.o)
                0x0000000018e0a7dc                Read_Mosquitto_Client_Key_From_Flash
 .text.Read_Mosquitto_Root_Cert_From_Flash
                0x0000000018e0a854       0x74 ./ALT1250/connectivity.a(mosquitto_adrastea.o)
                0x0000000018e0a854                Read_Mosquitto_Root_Cert_From_Flash
 .text.Read_KaaIoT_Cloud_Settings
                0x0000000018e0a8c8      0x2b8 ./ALT1250/connectivity.a(kaaiot_adrastea.o)
                0x0000000018e0a8c8                Read_KaaIoT_Cloud_Settings
 .text.Read_KaaIoT_Root_Cert_From_Flash
                0x0000000018e0ab80       0x78 ./ALT1250/connectivity.a(kaaiot_adrastea.o)
                0x0000000018e0ab80                Read_KaaIoT_Root_Cert_From_Flash
 .text.Read_Cloud_Settings_From_Flash
                0x0000000018e0abf8       0x94 ./ALT1250/connectivity.a(cloud_config.o)
                0x0000000018e0abf8                Read_Cloud_Settings_From_Flash
 .text.Get_Cloud_Type_From_Version
                0x0000000018e0ac8c       0x74 ./ALT1250/connectivity.a(cloud_config.o)
                0x0000000018e0ac8c                Get_Cloud_Type_From_Version
 .text.HIDS_get_T0_degC
                0x0000000018e0ad00       0x4c ./ALT1250/Sensor.a(WSEN_HIDS_2525020210001.o)
 .text.HIDS_get_T1_degC
                0x0000000018e0ad4c       0x4c ./ALT1250/Sensor.a(WSEN_HIDS_2525020210001.o)
 .text.HIDS_get_T0_OUT
                0x0000000018e0ad98       0x48 ./ALT1250/Sensor.a(WSEN_HIDS_2525020210001.o)
 .text.HIDS_get_T1_OUT
                0x0000000018e0ade0       0x48 ./ALT1250/Sensor.a(WSEN_HIDS_2525020210001.o)
 .text.HIDS_get_H0_rh
                0x0000000018e0ae28       0x2c ./ALT1250/Sensor.a(WSEN_HIDS_2525020210001.o)
 .text.HIDS_get_H1_rh
                0x0000000018e0ae54       0x2c ./ALT1250/Sensor.a(WSEN_HIDS_2525020210001.o)
 .text.HIDS_get_H0_T0_out
                0x0000000018e0ae80       0x48 ./ALT1250/Sensor.a(WSEN_HIDS_2525020210001.o)
 .text.HIDS_get_H1_T0_out
                0x0000000018e0aec8       0x48 ./ALT1250/Sensor.a(WSEN_HIDS_2525020210001.o)
 .text.HIDS_getDefaultInterface
                0x0000000018e0af10       0x1c ./ALT1250/Sensor.a(WSEN_HIDS_2525020210001.o)
                0x0000000018e0af10                HIDS_getDefaultInterface
 .text.HIDS_getDeviceID
                0x0000000018e0af2c        0xe ./ALT1250/Sensor.a(WSEN_HIDS_2525020210001.o)
                0x0000000018e0af2c                HIDS_getDeviceID
 .text.HIDS_setOutputDataRate
                0x0000000018e0af3a       0x34 ./ALT1250/Sensor.a(WSEN_HIDS_2525020210001.o)
                0x0000000018e0af3a                HIDS_setOutputDataRate
 .text.HIDS_enableBlockDataUpdate
                0x0000000018e0af6e       0x34 ./ALT1250/Sensor.a(WSEN_HIDS_2525020210001.o)
                0x0000000018e0af6e                HIDS_enableBlockDataUpdate
 .text.HIDS_setPowerMode
                0x0000000018e0afa2       0x34 ./ALT1250/Sensor.a(WSEN_HIDS_2525020210001.o)
                0x0000000018e0afa2                HIDS_setPowerMode
 .text.HIDS_enableOneShot
                0x0000000018e0afd6       0x34 ./ALT1250/Sensor.a(WSEN_HIDS_2525020210001.o)
                0x0000000018e0afd6                HIDS_enableOneShot
 .text.HIDS_isHumidityDataAvailable
                0x0000000018e0b00a       0x26 ./ALT1250/Sensor.a(WSEN_HIDS_2525020210001.o)
                0x0000000018e0b00a                HIDS_isHumidityDataAvailable
 .text.HIDS_isTemperatureDataAvailable
                0x0000000018e0b030       0x26 ./ALT1250/Sensor.a(WSEN_HIDS_2525020210001.o)
                0x0000000018e0b030                HIDS_isTemperatureDataAvailable
 .text.HIDS_getRawHumidity
                0x0000000018e0b056       0x32 ./ALT1250/Sensor.a(WSEN_HIDS_2525020210001.o)
                0x0000000018e0b056                HIDS_getRawHumidity
 .text.HIDS_getRawTemperature
                0x0000000018e0b088       0x32 ./ALT1250/Sensor.a(WSEN_HIDS_2525020210001.o)
                0x0000000018e0b088                HIDS_getRawTemperature
 *fill*         0x0000000018e0b0ba        0x2 
 .text.HIDS_readCalibrationData
                0x0000000018e0b0bc       0x70 ./ALT1250/Sensor.a(WSEN_HIDS_2525020210001.o)
                0x0000000018e0b0bc                HIDS_readCalibrationData
 .text.HIDS_convertHumidity_float
                0x0000000018e0b12c       0xb4 ./ALT1250/Sensor.a(WSEN_HIDS_2525020210001.o)
                0x0000000018e0b12c                HIDS_convertHumidity_float
 .text.HIDS_getHumidity_float
                0x0000000018e0b1e0       0x2c ./ALT1250/Sensor.a(WSEN_HIDS_2525020210001.o)
                0x0000000018e0b1e0                HIDS_getHumidity_float
 .text.HIDS_convertTemperature_float
                0x0000000018e0b20c       0x78 ./ALT1250/Sensor.a(WSEN_HIDS_2525020210001.o)
                0x0000000018e0b20c                HIDS_convertTemperature_float
 .text.HIDS_getTemperature_float
                0x0000000018e0b284       0x2c ./ALT1250/Sensor.a(WSEN_HIDS_2525020210001.o)
                0x0000000018e0b284                HIDS_getTemperature_float
 .text.ITDS_getDefaultInterface
                0x0000000018e0b2b0       0x1c ./ALT1250/Sensor.a(WSEN_ITDS_2533020201601.o)
                0x0000000018e0b2b0                ITDS_getDefaultInterface
 .text.ITDS_getDeviceID
                0x0000000018e0b2cc        0xe ./ALT1250/Sensor.a(WSEN_ITDS_2533020201601.o)
                0x0000000018e0b2cc                ITDS_getDeviceID
 .text.ITDS_setOutputDataRate
                0x0000000018e0b2da       0x34 ./ALT1250/Sensor.a(WSEN_ITDS_2533020201601.o)
                0x0000000018e0b2da                ITDS_setOutputDataRate
 .text.ITDS_setOperatingMode
                0x0000000018e0b30e       0x34 ./ALT1250/Sensor.a(WSEN_ITDS_2533020201601.o)
                0x0000000018e0b30e                ITDS_setOperatingMode
 .text.ITDS_setPowerMode
                0x0000000018e0b342       0x34 ./ALT1250/Sensor.a(WSEN_ITDS_2533020201601.o)
                0x0000000018e0b342                ITDS_setPowerMode
 .text.ITDS_enableBlockDataUpdate
                0x0000000018e0b376       0x34 ./ALT1250/Sensor.a(WSEN_ITDS_2533020201601.o)
                0x0000000018e0b376                ITDS_enableBlockDataUpdate
 .text.ITDS_enableAutoIncrement
                0x0000000018e0b3aa       0x34 ./ALT1250/Sensor.a(WSEN_ITDS_2533020201601.o)
                0x0000000018e0b3aa                ITDS_enableAutoIncrement
 .text.ITDS_setInterruptPinType
                0x0000000018e0b3de       0x34 ./ALT1250/Sensor.a(WSEN_ITDS_2533020201601.o)
                0x0000000018e0b3de                ITDS_setInterruptPinType
 .text.ITDS_enableLatchedInterrupt
                0x0000000018e0b412       0x34 ./ALT1250/Sensor.a(WSEN_ITDS_2533020201601.o)
                0x0000000018e0b412                ITDS_enableLatchedInterrupt
 .text.ITDS_setInterruptActiveLevel
                0x0000000018e0b446       0x34 ./ALT1250/Sensor.a(WSEN_ITDS_2533020201601.o)
                0x0000000018e0b446                ITDS_setInterruptActiveLevel
 .text.ITDS_enableFreeFallINT0
                0x0000000018e0b47a       0x34 ./ALT1250/Sensor.a(WSEN_ITDS_2533020201601.o)
                0x0000000018e0b47a                ITDS_enableFreeFallINT0
 .text.ITDS_enableDoubleTapINT0
                0x0000000018e0b4ae       0x34 ./ALT1250/Sensor.a(WSEN_ITDS_2533020201601.o)
                0x0000000018e0b4ae                ITDS_enableDoubleTapINT0
 .text.ITDS_setFilteringCutoff
                0x0000000018e0b4e2       0x34 ./ALT1250/Sensor.a(WSEN_ITDS_2533020201601.o)
                0x0000000018e0b4e2                ITDS_setFilteringCutoff
 *fill*         0x0000000018e0b516        0x2 
 .text.ITDS_setFullScale
                0x0000000018e0b518       0x44 ./ALT1250/Sensor.a(WSEN_ITDS_2533020201601.o)
                0x0000000018e0b518                ITDS_setFullScale
 .text.ITDS_enableLowNoise
                0x0000000018e0b55c       0x34 ./ALT1250/Sensor.a(WSEN_ITDS_2533020201601.o)
                0x0000000018e0b55c                ITDS_enableLowNoise
 .text.ITDS_isAccelerationDataReady
                0x0000000018e0b590       0x26 ./ALT1250/Sensor.a(WSEN_ITDS_2533020201601.o)
                0x0000000018e0b590                ITDS_isAccelerationDataReady
 .text.ITDS_getRawAccelerationX
                0x0000000018e0b5b6       0x32 ./ALT1250/Sensor.a(WSEN_ITDS_2533020201601.o)
                0x0000000018e0b5b6                ITDS_getRawAccelerationX
 .text.ITDS_getRawAccelerationY
                0x0000000018e0b5e8       0x32 ./ALT1250/Sensor.a(WSEN_ITDS_2533020201601.o)
                0x0000000018e0b5e8                ITDS_getRawAccelerationY
 .text.ITDS_getRawAccelerationZ
                0x0000000018e0b61a       0x32 ./ALT1250/Sensor.a(WSEN_ITDS_2533020201601.o)
                0x0000000018e0b61a                ITDS_getRawAccelerationZ
 .text.ITDS_getRawTemperature12bit
                0x0000000018e0b64c       0x34 ./ALT1250/Sensor.a(WSEN_ITDS_2533020201601.o)
                0x0000000018e0b64c                ITDS_getRawTemperature12bit
 .text.ITDS_getTemperature12bit
                0x0000000018e0b680       0x40 ./ALT1250/Sensor.a(WSEN_ITDS_2533020201601.o)
                0x0000000018e0b680                ITDS_getTemperature12bit
 .text.ITDS_setTapThresholdX
                0x0000000018e0b6c0       0x34 ./ALT1250/Sensor.a(WSEN_ITDS_2533020201601.o)
                0x0000000018e0b6c0                ITDS_setTapThresholdX
 .text.ITDS_setTapThresholdY
                0x0000000018e0b6f4       0x34 ./ALT1250/Sensor.a(WSEN_ITDS_2533020201601.o)
                0x0000000018e0b6f4                ITDS_setTapThresholdY
 .text.ITDS_setTapAxisPriority
                0x0000000018e0b728       0x34 ./ALT1250/Sensor.a(WSEN_ITDS_2533020201601.o)
                0x0000000018e0b728                ITDS_setTapAxisPriority
 .text.ITDS_setTapThresholdZ
                0x0000000018e0b75c       0x34 ./ALT1250/Sensor.a(WSEN_ITDS_2533020201601.o)
                0x0000000018e0b75c                ITDS_setTapThresholdZ
 .text.ITDS_enableTapX
                0x0000000018e0b790       0x34 ./ALT1250/Sensor.a(WSEN_ITDS_2533020201601.o)
                0x0000000018e0b790                ITDS_enableTapX
 .text.ITDS_enableTapY
                0x0000000018e0b7c4       0x34 ./ALT1250/Sensor.a(WSEN_ITDS_2533020201601.o)
                0x0000000018e0b7c4                ITDS_enableTapY
 .text.ITDS_enableTapZ
                0x0000000018e0b7f8       0x34 ./ALT1250/Sensor.a(WSEN_ITDS_2533020201601.o)
                0x0000000018e0b7f8                ITDS_enableTapZ
 .text.ITDS_setTapLatencyTime
                0x0000000018e0b82c       0x34 ./ALT1250/Sensor.a(WSEN_ITDS_2533020201601.o)
                0x0000000018e0b82c                ITDS_setTapLatencyTime
 .text.ITDS_setTapQuietTime
                0x0000000018e0b860       0x34 ./ALT1250/Sensor.a(WSEN_ITDS_2533020201601.o)
                0x0000000018e0b860                ITDS_setTapQuietTime
 .text.ITDS_setTapShockTime
                0x0000000018e0b894       0x34 ./ALT1250/Sensor.a(WSEN_ITDS_2533020201601.o)
                0x0000000018e0b894                ITDS_setTapShockTime
 .text.ITDS_enableDoubleTapEvent
                0x0000000018e0b8c8       0x34 ./ALT1250/Sensor.a(WSEN_ITDS_2533020201601.o)
                0x0000000018e0b8c8                ITDS_enableDoubleTapEvent
 .text.ITDS_setFreeFallDurationLSB
                0x0000000018e0b8fc       0x34 ./ALT1250/Sensor.a(WSEN_ITDS_2533020201601.o)
                0x0000000018e0b8fc                ITDS_setFreeFallDurationLSB
 .text.ITDS_setFreeFallThreshold
                0x0000000018e0b930       0x34 ./ALT1250/Sensor.a(WSEN_ITDS_2533020201601.o)
                0x0000000018e0b930                ITDS_setFreeFallThreshold
 .text.ITDS_enableInterrupts
                0x0000000018e0b964       0x34 ./ALT1250/Sensor.a(WSEN_ITDS_2533020201601.o)
                0x0000000018e0b964                ITDS_enableInterrupts
 .text.PADS_getDefaultInterface
                0x0000000018e0b998       0x1c ./ALT1250/Sensor.a(WSEN_PADS_2511020213301.o)
                0x0000000018e0b998                PADS_getDefaultInterface
 .text.PADS_getDeviceID
                0x0000000018e0b9b4        0xe ./ALT1250/Sensor.a(WSEN_PADS_2511020213301.o)
                0x0000000018e0b9b4                PADS_getDeviceID
 .text.PADS_setOutputDataRate
                0x0000000018e0b9c2       0x34 ./ALT1250/Sensor.a(WSEN_PADS_2511020213301.o)
                0x0000000018e0b9c2                PADS_setOutputDataRate
 .text.PADS_enableLowPassFilter
                0x0000000018e0b9f6       0x34 ./ALT1250/Sensor.a(WSEN_PADS_2511020213301.o)
                0x0000000018e0b9f6                PADS_enableLowPassFilter
 .text.PADS_setLowPassFilterConfig
                0x0000000018e0ba2a       0x34 ./ALT1250/Sensor.a(WSEN_PADS_2511020213301.o)
                0x0000000018e0ba2a                PADS_setLowPassFilterConfig
 .text.PADS_enableBlockDataUpdate
                0x0000000018e0ba5e       0x34 ./ALT1250/Sensor.a(WSEN_PADS_2511020213301.o)
                0x0000000018e0ba5e                PADS_enableBlockDataUpdate
 .text.PADS_enableAutoIncrement
                0x0000000018e0ba92       0x34 ./ALT1250/Sensor.a(WSEN_PADS_2511020213301.o)
                0x0000000018e0ba92                PADS_enableAutoIncrement
 .text.PADS_setPowerMode
                0x0000000018e0bac6       0x34 ./ALT1250/Sensor.a(WSEN_PADS_2511020213301.o)
                0x0000000018e0bac6                PADS_setPowerMode
 .text.PADS_enableOneShot
                0x0000000018e0bafa       0x34 ./ALT1250/Sensor.a(WSEN_PADS_2511020213301.o)
                0x0000000018e0bafa                PADS_enableOneShot
 .text.PADS_getRawPressure
                0x0000000018e0bb2e       0x48 ./ALT1250/Sensor.a(WSEN_PADS_2511020213301.o)
                0x0000000018e0bb2e                PADS_getRawPressure
 .text.PADS_getRawTemperature
                0x0000000018e0bb76       0x32 ./ALT1250/Sensor.a(WSEN_PADS_2511020213301.o)
                0x0000000018e0bb76                PADS_getRawTemperature
 .text.PADS_getTemperature_int
                0x0000000018e0bba8        0x8 ./ALT1250/Sensor.a(WSEN_PADS_2511020213301.o)
                0x0000000018e0bba8                PADS_getTemperature_int
 .text.PADS_getTemperature_float
                0x0000000018e0bbb0       0x38 ./ALT1250/Sensor.a(WSEN_PADS_2511020213301.o)
                0x0000000018e0bbb0                PADS_getTemperature_float
 .text.PADS_convertPressure_float
                0x0000000018e0bbe8       0x14 ./ALT1250/Sensor.a(WSEN_PADS_2511020213301.o)
                0x0000000018e0bbe8                PADS_convertPressure_float
 .text.PADS_getPressure_float
                0x0000000018e0bbfc       0x2a ./ALT1250/Sensor.a(WSEN_PADS_2511020213301.o)
                0x0000000018e0bbfc                PADS_getPressure_float
 *fill*         0x0000000018e0bc26        0x2 
 .text.TIDS_getDefaultInterface
                0x0000000018e0bc28       0x1c ./ALT1250/Sensor.a(WSEN_TIDS_2521020222501.o)
                0x0000000018e0bc28                TIDS_getDefaultInterface
 .text.TIDS_getDeviceID
                0x0000000018e0bc44        0xe ./ALT1250/Sensor.a(WSEN_TIDS_2521020222501.o)
                0x0000000018e0bc44                TIDS_getDeviceID
 .text.TIDS_softReset
                0x0000000018e0bc52       0x34 ./ALT1250/Sensor.a(WSEN_TIDS_2521020222501.o)
                0x0000000018e0bc52                TIDS_softReset
 .text.TIDS_enableOneShot
                0x0000000018e0bc86       0x34 ./ALT1250/Sensor.a(WSEN_TIDS_2521020222501.o)
                0x0000000018e0bc86                TIDS_enableOneShot
 .text.TIDS_enableAutoIncrement
                0x0000000018e0bcba       0x34 ./ALT1250/Sensor.a(WSEN_TIDS_2521020222501.o)
                0x0000000018e0bcba                TIDS_enableAutoIncrement
 .text.TIDS_isBusy
                0x0000000018e0bcee       0x26 ./ALT1250/Sensor.a(WSEN_TIDS_2521020222501.o)
                0x0000000018e0bcee                TIDS_isBusy
 .text.TIDS_getRawTemperature
                0x0000000018e0bd14       0x48 ./ALT1250/Sensor.a(WSEN_TIDS_2521020222501.o)
                0x0000000018e0bd14                TIDS_getRawTemperature
 .text.TIDS_getTemperature
                0x0000000018e0bd5c       0x34 ./ALT1250/Sensor.a(WSEN_TIDS_2521020222501.o)
                0x0000000018e0bd5c                TIDS_getTemperature
 .text.prvGetNextExpireTime
                0x0000000018e0bd90       0x20 ./ALT1250/freertos.a(timers.o)
 .text.prvInsertTimerInActiveList
                0x0000000018e0bdb0       0x48 ./ALT1250/freertos.a(timers.o)
 .text.prvCheckForValidListAndQueue
                0x0000000018e0bdf8       0x70 ./ALT1250/freertos.a(timers.o)
 .text.prvInitialiseNewTimer
                0x0000000018e0be68       0x50 ./ALT1250/freertos.a(timers.o)
 .text.xTimerCreateTimerTask
                0x0000000018e0beb8       0x68 ./ALT1250/freertos.a(timers.o)
                0x0000000018e0beb8                xTimerCreateTimerTask
 .text.xTimerCreate
                0x0000000018e0bf20       0x38 ./ALT1250/freertos.a(timers.o)
                0x0000000018e0bf20                xTimerCreate
 .text.xTimerCreateStatic
                0x0000000018e0bf58       0x54 ./ALT1250/freertos.a(timers.o)
                0x0000000018e0bf58                xTimerCreateStatic
 .text.xTimerGenericCommand
                0x0000000018e0bfac       0x70 ./ALT1250/freertos.a(timers.o)
                0x0000000018e0bfac                xTimerGenericCommand
 .text.prvSwitchTimerLists
                0x0000000018e0c01c       0x80 ./ALT1250/freertos.a(timers.o)
 .text.prvSampleTimeNow
                0x0000000018e0c09c       0x2c ./ALT1250/freertos.a(timers.o)
 .text.prvProcessExpiredTimer
                0x0000000018e0c0c8       0x70 ./ALT1250/freertos.a(timers.o)
 .text.prvProcessTimerOrBlockTask
                0x0000000018e0c138       0x74 ./ALT1250/freertos.a(timers.o)
 .text.prvProcessReceivedCommands
                0x0000000018e0c1ac      0x114 ./ALT1250/freertos.a(timers.o)
 .text.prvTimerTask
                0x0000000018e0c2c0       0x16 ./ALT1250/freertos.a(timers.o)
 *fill*         0x0000000018e0c2d6        0x2 
 .text.xTimerIsTimerActive
                0x0000000018e0c2d8       0x38 ./ALT1250/freertos.a(timers.o)
                0x0000000018e0c2d8                xTimerIsTimerActive
 .text.pvTimerGetTimerID
                0x0000000018e0c310       0x2c ./ALT1250/freertos.a(timers.o)
                0x0000000018e0c310                pvTimerGetTimerID
 .text.prvGetDisinheritPriorityAfterTimeout
                0x0000000018e0c33c       0x12 ./ALT1250/freertos.a(queue.o)
 .text.prvIsQueueFull
                0x0000000018e0c34e       0x1e ./ALT1250/freertos.a(queue.o)
 .text.prvIsQueueEmpty
                0x0000000018e0c36c       0x1a ./ALT1250/freertos.a(queue.o)
 .text.prvCopyDataToQueue
                0x0000000018e0c386       0x76 ./ALT1250/freertos.a(queue.o)
 .text.prvCopyDataFromQueue
                0x0000000018e0c3fc       0x24 ./ALT1250/freertos.a(queue.o)
 .text.prvUnlockQueue
                0x0000000018e0c420       0x6e ./ALT1250/freertos.a(queue.o)
 *fill*         0x0000000018e0c48e        0x2 
 .text.xQueueGenericReset
                0x0000000018e0c490       0x88 ./ALT1250/freertos.a(queue.o)
                0x0000000018e0c490                xQueueGenericReset
 .text.prvInitialiseNewQueue
                0x0000000018e0c518       0x22 ./ALT1250/freertos.a(queue.o)
 *fill*         0x0000000018e0c53a        0x2 
 .text.xQueueGenericCreateStatic
                0x0000000018e0c53c       0x98 ./ALT1250/freertos.a(queue.o)
                0x0000000018e0c53c                xQueueGenericCreateStatic
 .text.xQueueGenericCreate
                0x0000000018e0c5d4       0x80 ./ALT1250/freertos.a(queue.o)
                0x0000000018e0c5d4                xQueueGenericCreate
 .text.xQueueCreateCountingSemaphoreStatic
                0x0000000018e0c654       0x50 ./ALT1250/freertos.a(queue.o)
                0x0000000018e0c654                xQueueCreateCountingSemaphoreStatic
 .text.xQueueCreateCountingSemaphore
                0x0000000018e0c6a4       0x44 ./ALT1250/freertos.a(queue.o)
                0x0000000018e0c6a4                xQueueCreateCountingSemaphore
 .text.xQueueGenericSend
                0x0000000018e0c6e8      0x184 ./ALT1250/freertos.a(queue.o)
                0x0000000018e0c6e8                xQueueGenericSend
 .text.prvInitialiseMutex
                0x0000000018e0c86c       0x18 ./ALT1250/freertos.a(queue.o)
 .text.xQueueCreateMutex
                0x0000000018e0c884       0x16 ./ALT1250/freertos.a(queue.o)
                0x0000000018e0c884                xQueueCreateMutex
 .text.xQueueCreateMutexStatic
                0x0000000018e0c89a       0x1e ./ALT1250/freertos.a(queue.o)
                0x0000000018e0c89a                xQueueCreateMutexStatic
 .text.xQueueGiveMutexRecursive
                0x0000000018e0c8b8       0x44 ./ALT1250/freertos.a(queue.o)
                0x0000000018e0c8b8                xQueueGiveMutexRecursive
 .text.xQueueGenericSendFromISR
                0x0000000018e0c8fc       0xec ./ALT1250/freertos.a(queue.o)
                0x0000000018e0c8fc                xQueueGenericSendFromISR
 .text.xQueueGiveFromISR
                0x0000000018e0c9e8       0xcc ./ALT1250/freertos.a(queue.o)
                0x0000000018e0c9e8                xQueueGiveFromISR
 .text.xQueueReceive
                0x0000000018e0cab4      0x160 ./ALT1250/freertos.a(queue.o)
                0x0000000018e0cab4                xQueueReceive
 .text.xQueueSemaphoreTake
                0x0000000018e0cc14      0x1a8 ./ALT1250/freertos.a(queue.o)
                0x0000000018e0cc14                xQueueSemaphoreTake
 .text.xQueueTakeMutexRecursive
                0x0000000018e0cdbc       0x48 ./ALT1250/freertos.a(queue.o)
                0x0000000018e0cdbc                xQueueTakeMutexRecursive
 .text.xQueueReceiveFromISR
                0x0000000018e0ce04       0xc4 ./ALT1250/freertos.a(queue.o)
                0x0000000018e0ce04                xQueueReceiveFromISR
 .text.vQueueAddToRegistry
                0x0000000018e0cec8       0x28 ./ALT1250/freertos.a(queue.o)
                0x0000000018e0cec8                vQueueAddToRegistry
 .text.vQueueUnregisterQueue
                0x0000000018e0cef0       0x2c ./ALT1250/freertos.a(queue.o)
                0x0000000018e0cef0                vQueueUnregisterQueue
 .text.vQueueDelete
                0x0000000018e0cf1c       0x30 ./ALT1250/freertos.a(queue.o)
                0x0000000018e0cf1c                vQueueDelete
 .text.vQueueWaitForMessageRestricted
                0x0000000018e0cf4c       0x52 ./ALT1250/freertos.a(queue.o)
                0x0000000018e0cf4c                vQueueWaitForMessageRestricted
 *fill*         0x0000000018e0cf9e        0x2 
 .text.prvGetExpectedIdleTime
                0x0000000018e0cfa0       0x4c ./ALT1250/freertos.a(tasks.o)
 .text.prvTaskCheckFreeStackSpace
                0x0000000018e0cfec       0x14 ./ALT1250/freertos.a(tasks.o)
 .text.prvResetNextTaskUnblockTime
                0x0000000018e0d000       0x28 ./ALT1250/freertos.a(tasks.o)
 .text.prvInitialiseNewTask
                0x0000000018e0d028       0xd0 ./ALT1250/freertos.a(tasks.o)
 .text.prvInitialiseTaskLists
                0x0000000018e0d0f8       0x68 ./ALT1250/freertos.a(tasks.o)
 .text.prvAddNewTaskToReadyList
                0x0000000018e0d160       0xac ./ALT1250/freertos.a(tasks.o)
 .text.prvDeleteTCB
                0x0000000018e0d20c       0x48 ./ALT1250/freertos.a(tasks.o)
 .text.prvCheckTasksWaitingTermination
                0x0000000018e0d254       0x4c ./ALT1250/freertos.a(tasks.o)
 .text.prvAddCurrentTaskToDelayedList
                0x0000000018e0d2a0       0x7c ./ALT1250/freertos.a(tasks.o)
 .text.xTaskCreateStatic
                0x0000000018e0d31c       0x78 ./ALT1250/freertos.a(tasks.o)
                0x0000000018e0d31c                xTaskCreateStatic
 .text.xTaskCreate
                0x0000000018e0d394       0x66 ./ALT1250/freertos.a(tasks.o)
                0x0000000018e0d394                xTaskCreate
 *fill*         0x0000000018e0d3fa        0x2 
 .text.eTaskGetState
                0x0000000018e0d3fc       0xa0 ./ALT1250/freertos.a(tasks.o)
                0x0000000018e0d3fc                eTaskGetState
 .text.vTaskStartScheduler
                0x0000000018e0d49c       0xa8 ./ALT1250/freertos.a(tasks.o)
                0x0000000018e0d49c                vTaskStartScheduler
 .text.vTaskSuspendAll
                0x0000000018e0d544       0x10 ./ALT1250/freertos.a(tasks.o)
                0x0000000018e0d544                vTaskSuspendAll
 .text.xTaskGetTickCount
                0x0000000018e0d554        0xc ./ALT1250/freertos.a(tasks.o)
                0x0000000018e0d554                xTaskGetTickCount
 .text.xTaskGetTickCountFromISR
                0x0000000018e0d560       0x10 ./ALT1250/freertos.a(tasks.o)
                0x0000000018e0d560                xTaskGetTickCountFromISR
 .text.vTaskStepTick
                0x0000000018e0d570       0x3c ./ALT1250/freertos.a(tasks.o)
                0x0000000018e0d570                vTaskStepTick
 .text.xTaskIncrementTick
                0x0000000018e0d5ac      0x130 ./ALT1250/freertos.a(tasks.o)
                0x0000000018e0d5ac                xTaskIncrementTick
 .text.xTaskResumeAll
                0x0000000018e0d6dc      0x104 ./ALT1250/freertos.a(tasks.o)
                0x0000000018e0d6dc                xTaskResumeAll
 .text.vTaskDelay
                0x0000000018e0d7e0       0x50 ./ALT1250/freertos.a(tasks.o)
                0x0000000018e0d7e0                vTaskDelay
 .text.prvIdleTask
                0x0000000018e0d830       0x74 ./ALT1250/freertos.a(tasks.o)
 .text.vTaskSwitchContext
                0x0000000018e0d8a4       0xc4 ./ALT1250/freertos.a(tasks.o)
                0x0000000018e0d8a4                vTaskSwitchContext
 .text.vTaskPlaceOnEventList
                0x0000000018e0d968       0x34 ./ALT1250/freertos.a(tasks.o)
                0x0000000018e0d968                vTaskPlaceOnEventList
 .text.vTaskPlaceOnEventListRestricted
                0x0000000018e0d99c       0x3c ./ALT1250/freertos.a(tasks.o)
                0x0000000018e0d99c                vTaskPlaceOnEventListRestricted
 .text.xTaskRemoveFromEventList
                0x0000000018e0d9d8       0x94 ./ALT1250/freertos.a(tasks.o)
                0x0000000018e0d9d8                xTaskRemoveFromEventList
 .text.vTaskInternalSetTimeOutState
                0x0000000018e0da6c       0x18 ./ALT1250/freertos.a(tasks.o)
                0x0000000018e0da6c                vTaskInternalSetTimeOutState
 .text.xTaskCheckForTimeOut
                0x0000000018e0da84       0x88 ./ALT1250/freertos.a(tasks.o)
                0x0000000018e0da84                xTaskCheckForTimeOut
 .text.vTaskMissedYield
                0x0000000018e0db0c        0xc ./ALT1250/freertos.a(tasks.o)
                0x0000000018e0db0c                vTaskMissedYield
 .text.eTaskConfirmSleepModeStatus
                0x0000000018e0db18       0x48 ./ALT1250/freertos.a(tasks.o)
                0x0000000018e0db18                eTaskConfirmSleepModeStatus
 .text.vTaskGetInfo
                0x0000000018e0db60       0x8c ./ALT1250/freertos.a(tasks.o)
                0x0000000018e0db60                vTaskGetInfo
 .text.prvListTasksWithinSingleList
                0x0000000018e0dbec       0x5e ./ALT1250/freertos.a(tasks.o)
 *fill*         0x0000000018e0dc4a        0x2 
 .text.uxTaskGetSystemState
                0x0000000018e0dc4c       0xa4 ./ALT1250/freertos.a(tasks.o)
                0x0000000018e0dc4c                uxTaskGetSystemState
 .text.xTaskGetCurrentTaskHandle
                0x0000000018e0dcf0        0xc ./ALT1250/freertos.a(tasks.o)
                0x0000000018e0dcf0                xTaskGetCurrentTaskHandle
 .text.xTaskGetSchedulerState
                0x0000000018e0dcfc       0x20 ./ALT1250/freertos.a(tasks.o)
                0x0000000018e0dcfc                xTaskGetSchedulerState
 .text.xTaskPriorityInherit
                0x0000000018e0dd1c       0x98 ./ALT1250/freertos.a(tasks.o)
                0x0000000018e0dd1c                xTaskPriorityInherit
 .text.xTaskPriorityDisinherit
                0x0000000018e0ddb4       0x94 ./ALT1250/freertos.a(tasks.o)
                0x0000000018e0ddb4                xTaskPriorityDisinherit
 .text.vTaskPriorityDisinheritAfterTimeout
                0x0000000018e0de48       0xa4 ./ALT1250/freertos.a(tasks.o)
                0x0000000018e0de48                vTaskPriorityDisinheritAfterTimeout
 .text.pvTaskIncrementMutexHeldCount
                0x0000000018e0deec       0x1c ./ALT1250/freertos.a(tasks.o)
                0x0000000018e0deec                pvTaskIncrementMutexHeldCount
 .text.xTaskGenericNotifyWait
                0x0000000018e0df08       0xd4 ./ALT1250/freertos.a(tasks.o)
                0x0000000018e0df08                xTaskGenericNotifyWait
 .text.xTaskGenericNotify
                0x0000000018e0dfdc      0x150 ./ALT1250/freertos.a(tasks.o)
                0x0000000018e0dfdc                xTaskGenericNotify
 .text.xTaskGenericNotifyFromISR
                0x0000000018e0e12c      0x180 ./ALT1250/freertos.a(tasks.o)
                0x0000000018e0e12c                xTaskGenericNotifyFromISR
 .text.vPortSuppressTicksAndSleep
                0x0000000018e0e2ac      0x300 ./ALT1250/freertos.a(alt125x_tickless_sleep.o)
                0x0000000018e0e2ac                vPortSuppressTicksAndSleep
 .text.vPortSetupTimerInterrupt
                0x0000000018e0e5ac       0x64 ./ALT1250/freertos.a(alt125x_tickless_sleep.o)
                0x0000000018e0e5ac                vPortSetupTimerInterrupt
 .text.prvPortStartFirstTask
                0x0000000018e0e610       0x20 ./ALT1250/freertos.a(port.o)
 .text.prvTaskExitError
                0x0000000018e0e630       0x48 ./ALT1250/freertos.a(port.o)
 .text.pxPortInitialiseStack
                0x0000000018e0e678       0x24 ./ALT1250/freertos.a(port.o)
                0x0000000018e0e678                pxPortInitialiseStack
 *fill*         0x0000000018e0e69c        0x4 
 .text.SVC_Handler
                0x0000000018e0e6a0       0x24 ./ALT1250/freertos.a(port.o)
                0x0000000018e0e6a0                SVC_Handler
 .text.vPortEnterCritical
                0x0000000018e0e6c4       0x48 ./ALT1250/freertos.a(port.o)
                0x0000000018e0e6c4                vPortEnterCritical
 .text.vPortExitCritical
                0x0000000018e0e70c       0x30 ./ALT1250/freertos.a(port.o)
                0x0000000018e0e70c                vPortExitCritical
 *fill*         0x0000000018e0e73c        0x4 
 .text.PendSV_Handler
                0x0000000018e0e740       0x44 ./ALT1250/freertos.a(port.o)
                0x0000000018e0e740                PendSV_Handler
 .text.xPortSysTickHandler
                0x0000000018e0e784       0x2c ./ALT1250/freertos.a(port.o)
                0x0000000018e0e784                xPortSysTickHandler
 .text.xPortStartScheduler